[2026-08-19 18:17:10 IST] ================================================
[2026-08-19 18:17:11 IST] Part 2 Deployment Script Started
[2026-08-19 18:17:12 IST] ================================================
[2026-08-19 18:17:12 IST] Step 1: Checking user authorization...
[2026-08-19 18:17:14 IST] SUCCESS: User CTS+2320404 is authorized!
[2026-08-19 18:17:14 IST] Step 2: Checking source directory...
[2026-08-19 18:17:15 IST] SUCCESS: Source directory exists: /c/Users/2320404/OneDrive - Cognizant/documents/github/data_engineer/codes/shell_scripts/source
[2026-08-19 18:17:15 IST] Step 3: Checking target directory...
[2026-08-19 18:17:16 IST] SUCCESS: Target directory exists: /c/Users/2320404/OneDrive - Cognizant/documents/github/data_engineer/codes/shell_scripts/target
[2026-08-19 18:17:17 IST] Step 4: Starting File 2 operation...
[2026-08-19 18:17:17 IST] ------------------------------------------------
[2026-08-19 18:17:18 IST] Processing File 2: sample_file_2.day
[2026-08-19 18:17:19 IST] ------------------------------------------------
[2026-08-19 18:17:19 IST] Checking source file 2...
[2026-08-19 18:17:20 IST] SUCCESS: sample_file_2.day file found!
[2026-08-19 18:17:21 IST] SUCCESS: Source sample_file_2.day file 2 found!
[2026-08-19 18:17:21 IST] Checking target file 2...
[2026-08-19 18:17:22 IST] SUCCESS: sample_file_2.day file found!
[2026-08-19 18:17:22 IST] SUCCESS: Target sample_file_2.day file 2 found!
[2026-08-19 18:17:23 IST] Removing sample_file_2.day file 2...
[2026-08-19 18:17:24 IST] Proceeding to remove sample_file_2.day file...
[2026-08-19 18:17:25 IST] SUCCESS: sample_file_2.day file removed!
[2026-08-19 18:17:25 IST] Copying sample_file_2.day file to target...
[2026-08-19 18:17:27 IST] SUCCESS: sample_file_2.day copied successfully!
[2026-08-19 18:17:27 IST] From: /c/Users/2320404/OneDrive - Cognizant/documents/github/data_engineer/codes/shell_scripts/source/sample_file_2.day
[2026-08-19 18:17:28 IST] To:   /c/Users/2320404/OneDrive - Cognizant/documents/github/data_engineer/codes/shell_scripts/target/sample_file_2.day
[2026-08-19 18:17:29 IST] Verifying file sample_file_2.day placement...
[2026-08-19 18:17:29 IST] SUCCESS: sample_file_2.day File verified successfully after copy!
-rw-r--r-- 1 CTS+2320404 4096 0 Aug 19 18:17 /c/Users/2320404/OneDrive - Cognizant/documents/github/data_engineer/codes/shell_scripts/target/sample_file_2.day
[2026-08-19 18:17:31 IST] .....
[2026-08-19 18:17:31 IST] Step 5: Starting File 3 operation...
[2026-08-19 18:17:32 IST] ------------------------------------------------
[2026-08-19 18:17:33 IST] Processing File 3: sample_file_3.day
[2026-08-19 18:17:33 IST] ------------------------------------------------
[2026-08-19 18:17:34 IST] Checking source file 3...
[2026-08-19 18:17:34 IST] SUCCESS: sample_file_3.day file found!
[2026-08-19 18:17:35 IST] SUCCESS: Source sample_file_3.day file 3 found!
[2026-08-19 18:17:36 IST] Checking target file 3...
[2026-08-19 18:17:36 IST] SUCCESS: sample_file_3.day file found!
[2026-08-19 18:17:37 IST] SUCCESS: Target sample_file_3.day file 3 found!
[2026-08-19 18:17:37 IST] Removing sample_file_3.day file 3...
[2026-08-19 18:17:38 IST] Proceeding to remove sample_file_3.day file...
[2026-08-19 18:17:39 IST] SUCCESS: sample_file_3.day file removed!
[2026-08-19 18:17:40 IST] Copying sample_file_3.day file to target...
[2026-08-19 18:17:41 IST] SUCCESS: sample_file_3.day copied successfully!
[2026-08-19 18:17:42 IST] From: /c/Users/2320404/OneDrive - Cognizant/documents/github/data_engineer/codes/shell_scripts/source/sample_file_3.day
[2026-08-19 18:17:42 IST] To:   /c/Users/2320404/OneDrive - Cognizant/documents/github/data_engineer/codes/shell_scripts/target/sample_file_3.day
[2026-08-19 18:17:43 IST] Verifying file sample_file_3.day placement...
[2026-08-19 18:17:43 IST] SUCCESS: sample_file_3.day File verified successfully after copy!
-rw-r--r-- 1 CTS+2320404 4096 0 Aug 19 18:17 /c/Users/2320404/OneDrive - Cognizant/documents/github/data_engineer/codes/shell_scripts/target/sample_file_3.day
[2026-08-19 18:17:45 IST] Step 6: Final verification of all files...
[2026-08-19 18:17:45 IST] .....
[2026-08-19 18:17:46 IST] SUCCESS: All files verified Successfully!
total 0
-rw-r--r-- 1 CTS+2320404 4096 0 Aug 19 18:16 sample_file_1.day
-rw-r--r-- 1 CTS+2320404 4096 0 Aug 19 18:17 sample_file_2.day
-rw-r--r-- 1 CTS+2320404 4096 0 Aug 19 18:17 sample_file_3.day
[2026-08-19 18:17:48 IST] ================================================
[2026-08-19 18:17:48 IST] Part 2 Deployment Completed Successfully!
[2026-08-19 18:17:49 IST] ================================================
[2026-08-19 18:17:50 IST] For more details, check the log file: /c/Users/2320404/OneDrive - Cognizant/documents/github/data_engineer/codes/shell_scripts/logs/part_2/part_2_20260819_181709.log
