[2026-08-19 21:15:46 IST] ================================================
[2026-08-19 21:15:46 IST] Part 2 Deployment Script Started
[2026-08-19 21:15:47 IST] ================================================
[2026-08-19 21:15:47 IST] Step 1: Checking user authorization...
[2026-08-19 21:15:48 IST] SUCCESS: User CTS+2320404 is authorized!
[2026-08-19 21:15:48 IST] Step 2: Checking source directory...
[2026-08-19 21:15:48 IST] SUCCESS: Source directory exists: /c/Users/2320404/OneDrive - Cognizant/documents/github/data_engineer/codes/shell_scripts/source
[2026-08-19 21:15:49 IST] Step 3: Checking target directory...
[2026-08-19 21:15:49 IST] SUCCESS: Target directory exists: /c/Users/2320404/OneDrive - Cognizant/documents/github/data_engineer/codes/shell_scripts/target
[2026-08-19 21:15:49 IST] Step 4: Starting File 2 operation...
[2026-08-19 21:15:50 IST] ------------------------------------------------
[2026-08-19 21:15:50 IST] Processing File 2: sample_file_2.day
[2026-08-19 21:15:50 IST] ------------------------------------------------
[2026-08-19 21:15:50 IST] Checking source file 2...
[2026-08-19 21:15:51 IST] SUCCESS: sample_file_2.day file found!
[2026-08-19 21:15:51 IST] SUCCESS: Source sample_file_2.day file 2 found!
[2026-08-19 21:15:51 IST] Checking target file 2...
[2026-08-19 21:15:52 IST] SUCCESS: sample_file_2.day file found!
[2026-08-19 21:15:52 IST] SUCCESS: Target sample_file_2.day file 2 found!
[2026-08-19 21:15:52 IST] Removing sample_file_2.day file 2...
[2026-08-19 21:15:53 IST] Proceeding to remove sample_file_2.day file...
[2026-08-19 21:15:54 IST] SUCCESS: sample_file_2.day file removed!
[2026-08-19 21:15:54 IST] Copying sample_file_2.day file to target...
[2026-08-19 21:15:55 IST] SUCCESS: sample_file_2.day copied successfully!
[2026-08-19 21:15:55 IST] From: /c/Users/2320404/OneDrive - Cognizant/documents/github/data_engineer/codes/shell_scripts/source/sample_file_2.day
[2026-08-19 21:15:55 IST] To:   /c/Users/2320404/OneDrive - Cognizant/documents/github/data_engineer/codes/shell_scripts/target/sample_file_2.day
[2026-08-19 21:15:55 IST] Verifying file sample_file_2.day placement...
[2026-08-19 21:15:56 IST] SUCCESS: sample_file_2.day File verified successfully after copy!
-rw-r--r-- 1 CTS+2320404 4096 0 Aug 19 21:15 /c/Users/2320404/OneDrive - Cognizant/documents/github/data_engineer/codes/shell_scripts/target/sample_file_2.day
[2026-08-19 21:15:57 IST] .....
[2026-08-19 21:15:57 IST] Step 5: Starting File 3 operation...
[2026-08-19 21:15:57 IST] ------------------------------------------------
[2026-08-19 21:15:57 IST] Processing File 3: sample_file_3.day
[2026-08-19 21:15:58 IST] ------------------------------------------------
[2026-08-19 21:15:58 IST] Checking source file 3...
[2026-08-19 21:15:58 IST] SUCCESS: sample_file_3.day file found!
[2026-08-19 21:15:59 IST] SUCCESS: Source sample_file_3.day file 3 found!
[2026-08-19 21:15:59 IST] Checking target file 3...
[2026-08-19 21:15:59 IST] SUCCESS: sample_file_3.day file found!
[2026-08-19 21:16:00 IST] SUCCESS: Target sample_file_3.day file 3 found!
[2026-08-19 21:16:00 IST] Removing sample_file_3.day file 3...
[2026-08-19 21:16:00 IST] Proceeding to remove sample_file_3.day file...
[2026-08-19 21:16:01 IST] SUCCESS: sample_file_3.day file removed!
[2026-08-19 21:16:01 IST] Copying sample_file_3.day file to target...
[2026-08-19 21:16:02 IST] SUCCESS: sample_file_3.day copied successfully!
[2026-08-19 21:16:02 IST] From: /c/Users/2320404/OneDrive - Cognizant/documents/github/data_engineer/codes/shell_scripts/source/sample_file_3.day
[2026-08-19 21:16:03 IST] To:   /c/Users/2320404/OneDrive - Cognizant/documents/github/data_engineer/codes/shell_scripts/target/sample_file_3.day
[2026-08-19 21:16:03 IST] Verifying file sample_file_3.day placement...
[2026-08-19 21:16:03 IST] SUCCESS: sample_file_3.day File verified successfully after copy!
-rw-r--r-- 1 CTS+2320404 4096 0 Aug 19 21:16 /c/Users/2320404/OneDrive - Cognizant/documents/github/data_engineer/codes/shell_scripts/target/sample_file_3.day
[2026-08-19 21:16:04 IST] Step 6: Final verification of all files...
[2026-08-19 21:16:04 IST] .....
[2026-08-19 21:16:05 IST] SUCCESS: All files verified Successfully!
total 0
-rw-r--r-- 1 CTS+2320404 4096 0 Aug 19 21:15 sample_file_1.day
-rw-r--r-- 1 CTS+2320404 4096 0 Aug 19 21:15 sample_file_2.day
-rw-r--r-- 1 CTS+2320404 4096 0 Aug 19 21:16 sample_file_3.day
[2026-08-19 21:16:05 IST] ================================================
[2026-08-19 21:16:06 IST] Part 2 Deployment Completed Successfully!
[2026-08-19 21:16:06 IST] ================================================
[2026-08-19 21:16:06 IST] For more details, check the log file: /c/Users/2320404/OneDrive - Cognizant/documents/github/data_engineer/codes/shell_scripts/logs/part_2/part_2_20260819_211545.log
