[2026-08-18 00:34:51 IST] ================================================
[2026-08-18 00:34:52 IST] Part 2 Deployment Script Started
[2026-08-18 00:34:52 IST] ================================================
[2026-08-18 00:34:53 IST] Step 1: Checking user authorization...
[2026-08-18 00:34:53 IST] SUCCESS: User CTS+2320404 is authorized!
[2026-08-18 00:34:54 IST] Step 2: Checking source directory...
[2026-08-18 00:34:54 IST] SUCCESS: Source directory exists: /c/Users/2320404/OneDrive - Cognizant/documents/github/data_engineer/codes/shell_scripts/source
[2026-08-18 00:34:54 IST] Step 3: Checking target directory...
[2026-08-18 00:34:55 IST] SUCCESS: Target directory exists: /c/Users/2320404/OneDrive - Cognizant/documents/github/data_engineer/codes/shell_scripts/target
[2026-08-18 00:34:55 IST] Step 4: Starting File 2 operation...
[2026-08-18 00:34:55 IST] ------------------------------------------------
[2026-08-18 00:34:56 IST] Processing File 2: sample_file_2.day
[2026-08-18 00:34:56 IST] ------------------------------------------------
[2026-08-18 00:34:56 IST] Checking source file 2...
[2026-08-18 00:34:57 IST] SUCCESS: sample_file_2.day file found!
[2026-08-18 00:34:57 IST] SUCCESS: Source sample_file_2.day file 2 found!
[2026-08-18 00:34:58 IST] Checking target file 2...
[2026-08-18 00:34:58 IST] SUCCESS: sample_file_2.day file found!
[2026-08-18 00:34:58 IST] SUCCESS: Target sample_file_2.day file 2 found!
[2026-08-18 00:34:59 IST] Removing sample_file_2.day file 2...
[2026-08-18 00:34:59 IST] Proceeding to remove sample_file_2.day file...
[2026-08-18 00:35:00 IST] SUCCESS: sample_file_2.day file removed!
[2026-08-18 00:35:00 IST] Copying sample_file_2.day file to target...
[2026-08-18 00:35:01 IST] SUCCESS: sample_file_2.day copied successfully!
[2026-08-18 00:35:01 IST] From: /c/Users/2320404/OneDrive - Cognizant/documents/github/data_engineer/codes/shell_scripts/source/sample_file_2.day
[2026-08-18 00:35:01 IST] To:   /c/Users/2320404/OneDrive - Cognizant/documents/github/data_engineer/codes/shell_scripts/target/sample_file_2.day
[2026-08-18 00:35:02 IST] Verifying file sample_file_2.day placement...
[2026-08-18 00:35:02 IST] SUCCESS: sample_file_2.day File verified successfully after copy!
-rw-r--r-- 1 CTS+2320404 4096 0 Aug 18 00:35 /c/Users/2320404/OneDrive - Cognizant/documents/github/data_engineer/codes/shell_scripts/target/sample_file_2.day
[2026-08-18 00:35:03 IST] .....
[2026-08-18 00:35:03 IST] Step 5: Starting File 3 operation...
[2026-08-18 00:35:04 IST] ------------------------------------------------
[2026-08-18 00:35:04 IST] Processing File 3: sample_file_3.day
[2026-08-18 00:35:04 IST] ------------------------------------------------
[2026-08-18 00:35:05 IST] Checking source file 3...
[2026-08-18 00:35:05 IST] SUCCESS: sample_file_3.day file found!
[2026-08-18 00:35:06 IST] SUCCESS: Source sample_file_3.day file 3 found!
[2026-08-18 00:35:06 IST] Checking target file 3...
[2026-08-18 00:35:06 IST] SUCCESS: sample_file_3.day file found!
[2026-08-18 00:35:07 IST] SUCCESS: Target sample_file_3.day file 3 found!
[2026-08-18 00:35:07 IST] Removing sample_file_3.day file 3...
[2026-08-18 00:35:07 IST] Proceeding to remove sample_file_3.day file...
[2026-08-18 00:35:08 IST] SUCCESS: sample_file_3.day file removed!
[2026-08-18 00:35:09 IST] Copying sample_file_3.day file to target...
[2026-08-18 00:35:09 IST] SUCCESS: sample_file_3.day copied successfully!
[2026-08-18 00:35:10 IST] From: /c/Users/2320404/OneDrive - Cognizant/documents/github/data_engineer/codes/shell_scripts/source/sample_file_3.day
[2026-08-18 00:35:10 IST] To:   /c/Users/2320404/OneDrive - Cognizant/documents/github/data_engineer/codes/shell_scripts/target/sample_file_3.day
[2026-08-18 00:35:10 IST] Verifying file sample_file_3.day placement...
[2026-08-18 00:35:11 IST] SUCCESS: sample_file_3.day File verified successfully after copy!
-rw-r--r-- 1 CTS+2320404 4096 0 Aug 18 00:35 /c/Users/2320404/OneDrive - Cognizant/documents/github/data_engineer/codes/shell_scripts/target/sample_file_3.day
[2026-08-18 00:35:11 IST] Step 6: Final verification of all files...
[2026-08-18 00:35:12 IST] .....
[2026-08-18 00:35:12 IST] SUCCESS: All files verified Successfully!
total 0
-rw-r--r-- 1 CTS+2320404 4096 0 Aug 18 00:31 sample_file_1.day
-rw-r--r-- 1 CTS+2320404 4096 0 Aug 18 00:35 sample_file_2.day
-rw-r--r-- 1 CTS+2320404 4096 0 Aug 18 00:35 sample_file_3.day
[2026-08-18 00:35:13 IST] ================================================
[2026-08-18 00:35:14 IST] Part 2 Deployment Completed Successfully!
[2026-08-18 00:35:14 IST] ================================================
[2026-08-18 00:35:15 IST] For more details, check the log file: /c/Users/2320404/OneDrive - Cognizant/documents/github/data_engineer/codes/shell_scripts/logs/part_2/part_2_20260818_003451.log
