[2026-08-19 23:56:28 IST] ================================================
[2026-08-19 23:56:28 IST] Part 2 Deployment Script Started
[2026-08-19 23:56:29 IST] ================================================
[2026-08-19 23:56:29 IST] Step 1: Checking user authorization...
[2026-08-19 23:56:30 IST] SUCCESS: User CTS+2320404 is authorized!
[2026-08-19 23:56:30 IST] Step 2: Checking source directory...
[2026-08-19 23:56:31 IST] SUCCESS: Source directory exists: /c/Users/2320404/OneDrive - Cognizant/documents/github/data_engineer/codes/shell_scripts/source
[2026-08-19 23:56:32 IST] Step 3: Checking target directory...
[2026-08-19 23:56:32 IST] SUCCESS: Target directory exists: /c/Users/2320404/OneDrive - Cognizant/documents/github/data_engineer/codes/shell_scripts/target
[2026-08-19 23:56:33 IST] Step 4: Starting File 2 operation...
[2026-08-19 23:56:33 IST] ------------------------------------------------
[2026-08-19 23:56:34 IST] Processing File 2: sample_file_2.day
[2026-08-19 23:56:34 IST] ------------------------------------------------
[2026-08-19 23:56:34 IST] Checking source file 2...
[2026-08-19 23:56:35 IST] SUCCESS: sample_file_2.day file found!
[2026-08-19 23:56:36 IST] SUCCESS: Source sample_file_2.day file 2 found!
[2026-08-19 23:56:36 IST] Checking target file 2...
[2026-08-19 23:56:36 IST] SUCCESS: sample_file_2.day file found!
[2026-08-19 23:56:37 IST] SUCCESS: Target sample_file_2.day file 2 found!
[2026-08-19 23:56:37 IST] Removing sample_file_2.day file 2...
[2026-08-19 23:56:38 IST] Proceeding to remove sample_file_2.day file...
[2026-08-19 23:56:39 IST] SUCCESS: sample_file_2.day file removed!
[2026-08-19 23:56:39 IST] Copying sample_file_2.day file to target...
[2026-08-19 23:56:40 IST] SUCCESS: sample_file_2.day copied successfully!
[2026-08-19 23:56:40 IST] From: /c/Users/2320404/OneDrive - Cognizant/documents/github/data_engineer/codes/shell_scripts/source/sample_file_2.day
[2026-08-19 23:56:41 IST] To:   /c/Users/2320404/OneDrive - Cognizant/documents/github/data_engineer/codes/shell_scripts/target/sample_file_2.day
[2026-08-19 23:56:41 IST] Verifying file sample_file_2.day placement...
[2026-08-19 23:56:42 IST] SUCCESS: sample_file_2.day File verified successfully after copy!
-rw-r--r-- 1 CTS+2320404 4096 0 Aug 19 23:56 /c/Users/2320404/OneDrive - Cognizant/documents/github/data_engineer/codes/shell_scripts/target/sample_file_2.day
[2026-08-19 23:56:43 IST] .....
[2026-08-19 23:56:43 IST] Step 5: Starting File 3 operation...
[2026-08-19 23:56:43 IST] ------------------------------------------------
[2026-08-19 23:56:44 IST] Processing File 3: sample_file_3.day
[2026-08-19 23:56:44 IST] ------------------------------------------------
[2026-08-19 23:56:45 IST] Checking source file 3...
[2026-08-19 23:56:45 IST] SUCCESS: sample_file_3.day file found!
[2026-08-19 23:56:46 IST] SUCCESS: Source sample_file_3.day file 3 found!
[2026-08-19 23:56:46 IST] Checking target file 3...
[2026-08-19 23:56:46 IST] SUCCESS: sample_file_3.day file found!
[2026-08-19 23:56:47 IST] SUCCESS: Target sample_file_3.day file 3 found!
[2026-08-19 23:56:47 IST] Removing sample_file_3.day file 3...
[2026-08-19 23:56:47 IST] Proceeding to remove sample_file_3.day file...
[2026-08-19 23:56:48 IST] SUCCESS: sample_file_3.day file removed!
[2026-08-19 23:56:49 IST] Copying sample_file_3.day file to target...
[2026-08-19 23:56:49 IST] SUCCESS: sample_file_3.day copied successfully!
[2026-08-19 23:56:50 IST] From: /c/Users/2320404/OneDrive - Cognizant/documents/github/data_engineer/codes/shell_scripts/source/sample_file_3.day
[2026-08-19 23:56:50 IST] To:   /c/Users/2320404/OneDrive - Cognizant/documents/github/data_engineer/codes/shell_scripts/target/sample_file_3.day
[2026-08-19 23:56:50 IST] Verifying file sample_file_3.day placement...
[2026-08-19 23:56:51 IST] SUCCESS: sample_file_3.day File verified successfully after copy!
-rw-r--r-- 1 CTS+2320404 4096 0 Aug 19 23:56 /c/Users/2320404/OneDrive - Cognizant/documents/github/data_engineer/codes/shell_scripts/target/sample_file_3.day
[2026-08-19 23:56:51 IST] Step 6: Final verification of all files...
[2026-08-19 23:56:52 IST] .....
[2026-08-19 23:56:52 IST] SUCCESS: All files verified Successfully!
total 0
-rw-r--r-- 1 CTS+2320404 4096 0 Aug 19 23:56 sample_file_1.day
-rw-r--r-- 1 CTS+2320404 4096 0 Aug 19 23:56 sample_file_2.day
-rw-r--r-- 1 CTS+2320404 4096 0 Aug 19 23:56 sample_file_3.day
[2026-08-19 23:56:53 IST] ================================================
[2026-08-19 23:56:53 IST] Part 2 Deployment Completed Successfully!
[2026-08-19 23:56:54 IST] ================================================
[2026-08-19 23:56:54 IST] For more details, check the log file: /c/Users/2320404/OneDrive - Cognizant/documents/github/data_engineer/codes/shell_scripts/logs/part_2/part_2_20260819_235627.log
