[2026-08-18 00:22:55 IST] ================================================
[2026-08-18 00:22:55 IST] Part 2 Deployment Script Started
[2026-08-18 00:22:56 IST] ================================================
[2026-08-18 00:22:56 IST] Step 1: Checking user authorization...
[2026-08-18 00:22:56 IST] SUCCESS: User CTS+2320404 is authorized!
[2026-08-18 00:22:57 IST] Step 2: Checking source directory...
[2026-08-18 00:22:57 IST] SUCCESS: Source directory exists: /c/Users/2320404/OneDrive - Cognizant/documents/github/data_engineer/codes/shell_scripts/source
[2026-08-18 00:22:58 IST] Step 3: Checking target directory...
[2026-08-18 00:22:58 IST] SUCCESS: Target directory exists: /c/Users/2320404/OneDrive - Cognizant/documents/github/data_engineer/codes/shell_scripts/target
[2026-08-18 00:22:58 IST] Step 4: Starting File 2 operation...
[2026-08-18 00:22:59 IST] ------------------------------------------------
[2026-08-18 00:22:59 IST] Processing File 2: sample_file_2.day
[2026-08-18 00:22:59 IST] ------------------------------------------------
[2026-08-18 00:23:00 IST] Checking source file 2...
[2026-08-18 00:23:00 IST] SUCCESS: sample_file_2.day file found!
[2026-08-18 00:23:00 IST] SUCCESS: Source sample_file_2.day file 2 found!
[2026-08-18 00:23:01 IST] Checking target file 2...
[2026-08-18 00:23:01 IST] SUCCESS: sample_file_2.day file found!
[2026-08-18 00:23:01 IST] SUCCESS: Target sample_file_2.day file 2 found!
[2026-08-18 00:23:02 IST] Removing sample_file_2.day file 2...
[2026-08-18 00:23:02 IST] Proceeding to remove sample_file_2.day file...
[2026-08-18 00:23:03 IST] SUCCESS: sample_file_2.day file removed!
[2026-08-18 00:23:04 IST] Copying sample_file_2.day file to target...
[2026-08-18 00:23:04 IST] SUCCESS: sample_file_2.day copied successfully!
[2026-08-18 00:23:05 IST] From: /c/Users/2320404/OneDrive - Cognizant/documents/github/data_engineer/codes/shell_scripts/source/sample_file_2.day
[2026-08-18 00:23:05 IST] To:   /c/Users/2320404/OneDrive - Cognizant/documents/github/data_engineer/codes/shell_scripts/target/sample_file_2.day
[2026-08-18 00:23:05 IST] Verifying file sample_file_2.day placement...
[2026-08-18 00:23:06 IST] SUCCESS: sample_file_2.day File verified successfully after copy!
-rw-r--r-- 1 CTS+2320404 4096 0 Aug 18 00:23 /c/Users/2320404/OneDrive - Cognizant/documents/github/data_engineer/codes/shell_scripts/target/sample_file_2.day
[2026-08-18 00:23:07 IST] .....
[2026-08-18 00:23:07 IST] Step 5: Starting File 3 operation...
[2026-08-18 00:23:07 IST] ------------------------------------------------
[2026-08-18 00:23:08 IST] Processing File 3: sample_file_3.day
[2026-08-18 00:23:08 IST] ------------------------------------------------
[2026-08-18 00:23:08 IST] Checking source file 3...
[2026-08-18 00:23:09 IST] SUCCESS: sample_file_3.day file found!
[2026-08-18 00:23:09 IST] SUCCESS: Source sample_file_3.day file 3 found!
[2026-08-18 00:23:09 IST] Checking target file 3...
[2026-08-18 00:23:10 IST] SUCCESS: sample_file_3.day file found!
[2026-08-18 00:23:10 IST] SUCCESS: Target sample_file_3.day file 3 found!
[2026-08-18 00:23:10 IST] Removing sample_file_3.day file 3...
[2026-08-18 00:23:11 IST] Proceeding to remove sample_file_3.day file...
[2026-08-18 00:23:12 IST] SUCCESS: sample_file_3.day file removed!
[2026-08-18 00:23:12 IST] Copying sample_file_3.day file to target...
[2026-08-18 00:23:13 IST] SUCCESS: sample_file_3.day copied successfully!
[2026-08-18 00:23:13 IST] From: /c/Users/2320404/OneDrive - Cognizant/documents/github/data_engineer/codes/shell_scripts/source/sample_file_3.day
[2026-08-18 00:23:13 IST] To:   /c/Users/2320404/OneDrive - Cognizant/documents/github/data_engineer/codes/shell_scripts/target/sample_file_3.day
[2026-08-18 00:23:14 IST] Verifying file sample_file_3.day placement...
[2026-08-18 00:23:14 IST] SUCCESS: sample_file_3.day File verified successfully after copy!
-rw-r--r-- 1 CTS+2320404 4096 0 Aug 18 00:23 /c/Users/2320404/OneDrive - Cognizant/documents/github/data_engineer/codes/shell_scripts/target/sample_file_3.day
[2026-08-18 00:23:15 IST] Step 6: Final verification of all files...
[2026-08-18 00:23:15 IST] .....
[2026-08-18 00:23:16 IST] SUCCESS: All files verified Successfully!
total 0
-rw-r--r-- 1 CTS+2320404 4096 0 Aug 18 00:19 sample_file_1.day
-rw-r--r-- 1 CTS+2320404 4096 0 Aug 18 00:23 sample_file_2.day
-rw-r--r-- 1 CTS+2320404 4096 0 Aug 18 00:23 sample_file_3.day
[2026-08-18 00:23:17 IST] ================================================
[2026-08-18 00:23:17 IST] Part 2 Deployment Completed Successfully!
[2026-08-18 00:23:18 IST] ================================================
[2026-08-18 00:23:18 IST] For more details, check the log file: /c/Users/2320404/OneDrive - Cognizant/documents/github/data_engineer/codes/shell_scripts/logs/part_2/part_2_20260818_002254.log
