[2026-08-19 18:05:15 IST] ================================================
[2026-08-19 18:05:16 IST] Part 2 Deployment Script Started
[2026-08-19 18:05:17 IST] ================================================
[2026-08-19 18:05:17 IST] Step 1: Checking user authorization...
[2026-08-19 18:05:18 IST] SUCCESS: User CTS+2320404 is authorized!
[2026-08-19 18:05:19 IST] Step 2: Checking source directory...
[2026-08-19 18:05:20 IST] SUCCESS: Source directory exists: /c/Users/2320404/OneDrive - Cognizant/documents/github/data_engineer/codes/shell_scripts/source
[2026-08-19 18:05:20 IST] Step 3: Checking target directory...
[2026-08-19 18:05:21 IST] SUCCESS: Target directory exists: /c/Users/2320404/OneDrive - Cognizant/documents/github/data_engineer/codes/shell_scripts/target
[2026-08-19 18:05:21 IST] Step 4: Starting File 2 operation...
[2026-08-19 18:05:22 IST] ------------------------------------------------
[2026-08-19 18:05:23 IST] Processing File 2: sample_file_2.day
[2026-08-19 18:05:23 IST] ------------------------------------------------
[2026-08-19 18:05:24 IST] Checking source file 2...
[2026-08-19 18:05:25 IST] SUCCESS: sample_file_2.day file found!
[2026-08-19 18:05:25 IST] SUCCESS: Source sample_file_2.day file 2 found!
[2026-08-19 18:05:26 IST] Checking target file 2...
[2026-08-19 18:05:26 IST] SUCCESS: sample_file_2.day file found!
[2026-08-19 18:05:27 IST] SUCCESS: Target sample_file_2.day file 2 found!
[2026-08-19 18:05:28 IST] Removing sample_file_2.day file 2...
[2026-08-19 18:05:28 IST] Proceeding to remove sample_file_2.day file...
[2026-08-19 18:05:30 IST] SUCCESS: sample_file_2.day file removed!
[2026-08-19 18:05:30 IST] Copying sample_file_2.day file to target...
[2026-08-19 18:05:32 IST] SUCCESS: sample_file_2.day copied successfully!
[2026-08-19 18:05:32 IST] From: /c/Users/2320404/OneDrive - Cognizant/documents/github/data_engineer/codes/shell_scripts/source/sample_file_2.day
[2026-08-19 18:05:33 IST] To:   /c/Users/2320404/OneDrive - Cognizant/documents/github/data_engineer/codes/shell_scripts/target/sample_file_2.day
[2026-08-19 18:05:34 IST] Verifying file sample_file_2.day placement...
[2026-08-19 18:05:34 IST] SUCCESS: sample_file_2.day File verified successfully after copy!
-rw-r--r-- 1 CTS+2320404 4096 0 Aug 19 18:05 /c/Users/2320404/OneDrive - Cognizant/documents/github/data_engineer/codes/shell_scripts/target/sample_file_2.day
[2026-08-19 18:05:36 IST] .....
[2026-08-19 18:05:36 IST] Step 5: Starting File 3 operation...
[2026-08-19 18:05:37 IST] ------------------------------------------------
[2026-08-19 18:05:37 IST] Processing File 3: sample_file_3.day
[2026-08-19 18:05:38 IST] ------------------------------------------------
[2026-08-19 18:05:39 IST] Checking source file 3...
[2026-08-19 18:05:39 IST] SUCCESS: sample_file_3.day file found!
[2026-08-19 18:05:40 IST] SUCCESS: Source sample_file_3.day file 3 found!
[2026-08-19 18:05:40 IST] Checking target file 3...
[2026-08-19 18:05:41 IST] SUCCESS: sample_file_3.day file found!
[2026-08-19 18:05:42 IST] SUCCESS: Target sample_file_3.day file 3 found!
[2026-08-19 18:05:42 IST] Removing sample_file_3.day file 3...
[2026-08-19 18:05:43 IST] Proceeding to remove sample_file_3.day file...
[2026-08-19 18:05:44 IST] SUCCESS: sample_file_3.day file removed!
[2026-08-19 18:05:45 IST] Copying sample_file_3.day file to target...
[2026-08-19 18:05:46 IST] SUCCESS: sample_file_3.day copied successfully!
[2026-08-19 18:05:46 IST] From: /c/Users/2320404/OneDrive - Cognizant/documents/github/data_engineer/codes/shell_scripts/source/sample_file_3.day
[2026-08-19 18:05:47 IST] To:   /c/Users/2320404/OneDrive - Cognizant/documents/github/data_engineer/codes/shell_scripts/target/sample_file_3.day
[2026-08-19 18:05:47 IST] Verifying file sample_file_3.day placement...
[2026-08-19 18:05:48 IST] SUCCESS: sample_file_3.day File verified successfully after copy!
-rw-r--r-- 1 CTS+2320404 4096 0 Aug 19 18:05 /c/Users/2320404/OneDrive - Cognizant/documents/github/data_engineer/codes/shell_scripts/target/sample_file_3.day
[2026-08-19 18:05:49 IST] Step 6: Final verification of all files...
[2026-08-19 18:05:50 IST] .....
[2026-08-19 18:05:51 IST] SUCCESS: All files verified Successfully!
total 0
-rw-r--r-- 1 CTS+2320404 4096 0 Aug 19 18:04 sample_file_1.day
-rw-r--r-- 1 CTS+2320404 4096 0 Aug 19 18:05 sample_file_2.day
-rw-r--r-- 1 CTS+2320404 4096 0 Aug 19 18:05 sample_file_3.day
[2026-08-19 18:05:52 IST] ================================================
[2026-08-19 18:05:53 IST] Part 2 Deployment Completed Successfully!
[2026-08-19 18:05:53 IST] ================================================
[2026-08-19 18:05:54 IST] For more details, check the log file: /c/Users/2320404/OneDrive - Cognizant/documents/github/data_engineer/codes/shell_scripts/logs/part_2/part_2_20260819_180514.log
