[2026-08-29 19:32:30 IST] ================================================
[2026-08-29 19:32:31 IST] Part 2 Deployment Script Started
[2026-08-29 19:32:31 IST] ================================================
[2026-08-29 19:32:31 IST] Step 1: Checking user authorization...
[2026-08-29 19:32:32 IST] SUCCESS: User CTS+2320404 is authorized!
[2026-08-29 19:32:32 IST] Step 2: Checking source directory...
[2026-08-29 19:32:33 IST] SUCCESS: Source directory exists: /c/Users/2320404/OneDrive - Cognizant/documents/github/data_engineer/codes/shell_scripts/source
[2026-08-29 19:32:33 IST] Step 3: Checking target directory...
[2026-08-29 19:32:33 IST] SUCCESS: Target directory exists: /c/Users/2320404/OneDrive - Cognizant/documents/github/data_engineer/codes/shell_scripts/target
[2026-08-29 19:32:34 IST] Step 4: Starting File 2 operation...
[2026-08-29 19:32:34 IST] ------------------------------------------------
[2026-08-29 19:32:34 IST] Processing File 2: sample_file_2.day
[2026-08-29 19:32:35 IST] ------------------------------------------------
[2026-08-29 19:32:35 IST] Checking source file 2...
[2026-08-29 19:32:35 IST] SUCCESS: sample_file_2.day file found!
[2026-08-29 19:32:36 IST] SUCCESS: Source sample_file_2.day file 2 found!
[2026-08-29 19:32:36 IST] Checking target file 2...
[2026-08-29 19:32:36 IST] SUCCESS: sample_file_2.day file found!
[2026-08-29 19:32:37 IST] SUCCESS: Target sample_file_2.day file 2 found!
[2026-08-29 19:32:37 IST] Removing sample_file_2.day file 2...
[2026-08-29 19:32:38 IST] Proceeding to remove sample_file_2.day file...
[2026-08-29 19:32:38 IST] SUCCESS: sample_file_2.day file removed!
[2026-08-29 19:32:39 IST] Copying sample_file_2.day file to target...
[2026-08-29 19:32:39 IST] SUCCESS: sample_file_2.day copied successfully!
[2026-08-29 19:32:40 IST] From: /c/Users/2320404/OneDrive - Cognizant/documents/github/data_engineer/codes/shell_scripts/source/sample_file_2.day
[2026-08-29 19:32:40 IST] To:   /c/Users/2320404/OneDrive - Cognizant/documents/github/data_engineer/codes/shell_scripts/target/sample_file_2.day
[2026-08-29 19:32:40 IST] Verifying file sample_file_2.day placement...
[2026-08-29 19:32:41 IST] SUCCESS: sample_file_2.day File verified successfully after copy!
-rw-r--r-- 1 CTS+2320404 4096 0 Aug 29 19:32 /c/Users/2320404/OneDrive - Cognizant/documents/github/data_engineer/codes/shell_scripts/target/sample_file_2.day
[2026-08-29 19:32:42 IST] .....
[2026-08-29 19:32:42 IST] Step 5: Starting File 3 operation...
[2026-08-29 19:32:42 IST] ------------------------------------------------
[2026-08-29 19:32:43 IST] Processing File 3: sample_file_3.day
[2026-08-29 19:32:43 IST] ------------------------------------------------
[2026-08-29 19:32:43 IST] Checking source file 3...
[2026-08-29 19:32:44 IST] SUCCESS: sample_file_3.day file found!
[2026-08-29 19:32:44 IST] SUCCESS: Source sample_file_3.day file 3 found!
[2026-08-29 19:32:44 IST] Checking target file 3...
[2026-08-29 19:32:45 IST] SUCCESS: sample_file_3.day file found!
[2026-08-29 19:32:45 IST] SUCCESS: Target sample_file_3.day file 3 found!
[2026-08-29 19:32:45 IST] Removing sample_file_3.day file 3...
[2026-08-29 19:32:46 IST] Proceeding to remove sample_file_3.day file...
[2026-08-29 19:32:47 IST] SUCCESS: sample_file_3.day file removed!
[2026-08-29 19:32:47 IST] Copying sample_file_3.day file to target...
[2026-08-29 19:32:48 IST] SUCCESS: sample_file_3.day copied successfully!
[2026-08-29 19:32:48 IST] From: /c/Users/2320404/OneDrive - Cognizant/documents/github/data_engineer/codes/shell_scripts/source/sample_file_3.day
[2026-08-29 19:32:48 IST] To:   /c/Users/2320404/OneDrive - Cognizant/documents/github/data_engineer/codes/shell_scripts/target/sample_file_3.day
[2026-08-29 19:32:49 IST] Verifying file sample_file_3.day placement...
[2026-08-29 19:32:49 IST] SUCCESS: sample_file_3.day File verified successfully after copy!
-rw-r--r-- 1 CTS+2320404 4096 0 Aug 29 19:32 /c/Users/2320404/OneDrive - Cognizant/documents/github/data_engineer/codes/shell_scripts/target/sample_file_3.day
[2026-08-29 19:32:50 IST] Step 6: Final verification of all files...
[2026-08-29 19:32:50 IST] .....
[2026-08-29 19:32:50 IST] SUCCESS: All files verified Successfully!
total 0
-rw-r--r-- 1 CTS+2320404 4096 0 Aug 29 19:32 sample_file_1.day
-rw-r--r-- 1 CTS+2320404 4096 0 Aug 29 19:32 sample_file_2.day
-rw-r--r-- 1 CTS+2320404 4096 0 Aug 29 19:32 sample_file_3.day
[2026-08-29 19:32:51 IST] ================================================
[2026-08-29 19:32:52 IST] Part 2 Deployment Completed Successfully!
[2026-08-29 19:32:52 IST] ================================================
[2026-08-29 19:32:52 IST] For more details, check the log file: /c/Users/2320404/OneDrive - Cognizant/documents/github/data_engineer/codes/shell_scripts/logs/part_2/part_2_20260829_193229.log
