[2026-09-17 17:56:59 IST] ================================================
[2026-09-17 17:56:59 IST] Part 2 Deployment Script Started
[2026-09-17 17:57:00 IST] ================================================
[2026-09-17 17:57:00 IST] Step 1: Checking user authorization...
[2026-09-17 17:57:01 IST] SUCCESS: User CTS+2320404 is authorized!
[2026-09-17 17:57:01 IST] Step 2: Checking source directory...
[2026-09-17 17:57:01 IST] SUCCESS: Source directory exists: /c/Users/2320404/OneDrive - Cognizant/documents/github/data_engineer/codes/shell_scripts/source
[2026-09-17 17:57:02 IST] Step 3: Checking target directory...
[2026-09-17 17:57:02 IST] SUCCESS: Target directory exists: /c/Users/2320404/OneDrive - Cognizant/documents/github/data_engineer/codes/shell_scripts/target
[2026-09-17 17:57:03 IST] Step 4: Starting File 2 operation...
[2026-09-17 17:57:03 IST] ------------------------------------------------
[2026-09-17 17:57:04 IST] Processing File 2: sample_file_2.day
[2026-09-17 17:57:04 IST] ------------------------------------------------
[2026-09-17 17:57:04 IST] Checking source file 2...
[2026-09-17 17:57:05 IST] SUCCESS: sample_file_2.day file found!
[2026-09-17 17:57:05 IST] SUCCESS: Source sample_file_2.day file 2 found!
[2026-09-17 17:57:05 IST] Checking target file 2...
[2026-09-17 17:57:06 IST] SUCCESS: sample_file_2.day file found!
[2026-09-17 17:57:06 IST] SUCCESS: Target sample_file_2.day file 2 found!
[2026-09-17 17:57:06 IST] Removing sample_file_2.day file 2...
[2026-09-17 17:57:06 IST] Proceeding to remove sample_file_2.day file...
[2026-09-17 17:57:07 IST] SUCCESS: sample_file_2.day file removed!
[2026-09-17 17:57:07 IST] Copying sample_file_2.day file to target...
[2026-09-17 17:57:08 IST] SUCCESS: sample_file_2.day copied successfully!
[2026-09-17 17:57:08 IST] From: /c/Users/2320404/OneDrive - Cognizant/documents/github/data_engineer/codes/shell_scripts/source/sample_file_2.day
[2026-09-17 17:57:08 IST] To:   /c/Users/2320404/OneDrive - Cognizant/documents/github/data_engineer/codes/shell_scripts/target/sample_file_2.day
[2026-09-17 17:57:08 IST] Verifying file sample_file_2.day placement...
[2026-09-17 17:57:09 IST] SUCCESS: sample_file_2.day File verified successfully after copy!
-rw-r--r-- 1 CTS+2320404 4096 0 Sep 17 17:57 /c/Users/2320404/OneDrive - Cognizant/documents/github/data_engineer/codes/shell_scripts/target/sample_file_2.day
[2026-09-17 17:57:09 IST] .....
[2026-09-17 17:57:10 IST] Step 5: Starting File 3 operation...
[2026-09-17 17:57:10 IST] ------------------------------------------------
[2026-09-17 17:57:10 IST] Processing File 3: sample_file_3.day
[2026-09-17 17:57:10 IST] ------------------------------------------------
[2026-09-17 17:57:11 IST] Checking source file 3...
[2026-09-17 17:57:11 IST] SUCCESS: sample_file_3.day file found!
[2026-09-17 17:57:11 IST] SUCCESS: Source sample_file_3.day file 3 found!
[2026-09-17 17:57:11 IST] Checking target file 3...
[2026-09-17 17:57:12 IST] SUCCESS: sample_file_3.day file found!
[2026-09-17 17:57:12 IST] SUCCESS: Target sample_file_3.day file 3 found!
[2026-09-17 17:57:12 IST] Removing sample_file_3.day file 3...
[2026-09-17 17:57:12 IST] Proceeding to remove sample_file_3.day file...
[2026-09-17 17:57:13 IST] SUCCESS: sample_file_3.day file removed!
[2026-09-17 17:57:13 IST] Copying sample_file_3.day file to target...
[2026-09-17 17:57:14 IST] SUCCESS: sample_file_3.day copied successfully!
[2026-09-17 17:57:14 IST] From: /c/Users/2320404/OneDrive - Cognizant/documents/github/data_engineer/codes/shell_scripts/source/sample_file_3.day
[2026-09-17 17:57:14 IST] To:   /c/Users/2320404/OneDrive - Cognizant/documents/github/data_engineer/codes/shell_scripts/target/sample_file_3.day
[2026-09-17 17:57:15 IST] Verifying file sample_file_3.day placement...
[2026-09-17 17:57:15 IST] SUCCESS: sample_file_3.day File verified successfully after copy!
-rw-r--r-- 1 CTS+2320404 4096 0 Sep 17 17:57 /c/Users/2320404/OneDrive - Cognizant/documents/github/data_engineer/codes/shell_scripts/target/sample_file_3.day
[2026-09-17 17:57:15 IST] Step 6: Final verification of all files...
[2026-09-17 17:57:16 IST] .....
[2026-09-17 17:57:16 IST] SUCCESS: All files verified Successfully!
total 0
-rw-r--r-- 1 CTS+2320404 4096 0 Sep 17 17:54 sample_file_1.day
-rw-r--r-- 1 CTS+2320404 4096 0 Sep 17 17:57 sample_file_2.day
-rw-r--r-- 1 CTS+2320404 4096 0 Sep 17 17:57 sample_file_3.day
[2026-09-17 17:57:17 IST] ================================================
[2026-09-17 17:57:17 IST] Part 2 Deployment Completed Successfully!
[2026-09-17 17:57:17 IST] ================================================
[2026-09-17 17:57:17 IST] For more details, check the log file: /c/Users/2320404/OneDrive - Cognizant/documents/github/data_engineer/codes/shell_scripts/logs/part_2/part_2_20260917_175658.log
