[2026-08-19 18:07:22 IST] ================================================
[2026-08-19 18:07:23 IST] Part 2 Deployment Script Started
[2026-08-19 18:07:23 IST] ================================================
[2026-08-19 18:07:24 IST] Step 1: Checking user authorization...
[2026-08-19 18:07:25 IST] SUCCESS: User CTS+2320404 is authorized!
[2026-08-19 18:07:26 IST] Step 2: Checking source directory...
[2026-08-19 18:07:26 IST] SUCCESS: Source directory exists: /c/Users/2320404/OneDrive - Cognizant/documents/github/data_engineer/codes/shell_scripts/source
[2026-08-19 18:07:27 IST] Step 3: Checking target directory...
[2026-08-19 18:07:27 IST] SUCCESS: Target directory exists: /c/Users/2320404/OneDrive - Cognizant/documents/github/data_engineer/codes/shell_scripts/target
[2026-08-19 18:07:28 IST] Step 4: Starting File 2 operation...
[2026-08-19 18:07:29 IST] ------------------------------------------------
[2026-08-19 18:07:29 IST] Processing File 2: sample_file_2.day
[2026-08-19 18:07:30 IST] ------------------------------------------------
[2026-08-19 18:07:30 IST] Checking source file 2...
[2026-08-19 18:07:31 IST] SUCCESS: sample_file_2.day file found!
[2026-08-19 18:07:31 IST] SUCCESS: Source sample_file_2.day file 2 found!
[2026-08-19 18:07:32 IST] Checking target file 2...
[2026-08-19 18:07:33 IST] SUCCESS: sample_file_2.day file found!
[2026-08-19 18:07:33 IST] SUCCESS: Target sample_file_2.day file 2 found!
[2026-08-19 18:07:34 IST] Removing sample_file_2.day file 2...
[2026-08-19 18:07:34 IST] Proceeding to remove sample_file_2.day file...
[2026-08-19 18:07:36 IST] SUCCESS: sample_file_2.day file removed!
[2026-08-19 18:07:36 IST] Copying sample_file_2.day file to target...
[2026-08-19 18:07:37 IST] SUCCESS: sample_file_2.day copied successfully!
[2026-08-19 18:07:38 IST] From: /c/Users/2320404/OneDrive - Cognizant/documents/github/data_engineer/codes/shell_scripts/source/sample_file_2.day
[2026-08-19 18:07:38 IST] To:   /c/Users/2320404/OneDrive - Cognizant/documents/github/data_engineer/codes/shell_scripts/target/sample_file_2.day
[2026-08-19 18:07:39 IST] Verifying file sample_file_2.day placement...
[2026-08-19 18:07:40 IST] SUCCESS: sample_file_2.day File verified successfully after copy!
-rw-r--r-- 1 CTS+2320404 4096 0 Aug 19 18:07 /c/Users/2320404/OneDrive - Cognizant/documents/github/data_engineer/codes/shell_scripts/target/sample_file_2.day
[2026-08-19 18:07:41 IST] .....
[2026-08-19 18:07:41 IST] Step 5: Starting File 3 operation...
[2026-08-19 18:07:42 IST] ------------------------------------------------
[2026-08-19 18:07:42 IST] Processing File 3: sample_file_3.day
[2026-08-19 18:07:43 IST] ------------------------------------------------
[2026-08-19 18:07:44 IST] Checking source file 3...
[2026-08-19 18:07:44 IST] SUCCESS: sample_file_3.day file found!
[2026-08-19 18:07:45 IST] SUCCESS: Source sample_file_3.day file 3 found!
[2026-08-19 18:07:45 IST] Checking target file 3...
[2026-08-19 18:07:46 IST] SUCCESS: sample_file_3.day file found!
[2026-08-19 18:07:46 IST] SUCCESS: Target sample_file_3.day file 3 found!
[2026-08-19 18:07:47 IST] Removing sample_file_3.day file 3...
[2026-08-19 18:07:48 IST] Proceeding to remove sample_file_3.day file...
[2026-08-19 18:07:49 IST] SUCCESS: sample_file_3.day file removed!
[2026-08-19 18:07:49 IST] Copying sample_file_3.day file to target...
[2026-08-19 18:07:50 IST] SUCCESS: sample_file_3.day copied successfully!
[2026-08-19 18:07:51 IST] From: /c/Users/2320404/OneDrive - Cognizant/documents/github/data_engineer/codes/shell_scripts/source/sample_file_3.day
[2026-08-19 18:07:52 IST] To:   /c/Users/2320404/OneDrive - Cognizant/documents/github/data_engineer/codes/shell_scripts/target/sample_file_3.day
[2026-08-19 18:07:52 IST] Verifying file sample_file_3.day placement...
[2026-08-19 18:07:53 IST] SUCCESS: sample_file_3.day File verified successfully after copy!
-rw-r--r-- 1 CTS+2320404 4096 0 Aug 19 18:07 /c/Users/2320404/OneDrive - Cognizant/documents/github/data_engineer/codes/shell_scripts/target/sample_file_3.day
[2026-08-19 18:07:54 IST] Step 6: Final verification of all files...
[2026-08-19 18:07:55 IST] .....
[2026-08-19 18:07:55 IST] SUCCESS: All files verified Successfully!
total 0
-rw-r--r-- 1 CTS+2320404 4096 0 Aug 19 18:07 sample_file_1.day
-rw-r--r-- 1 CTS+2320404 4096 0 Aug 19 18:07 sample_file_2.day
-rw-r--r-- 1 CTS+2320404 4096 0 Aug 19 18:07 sample_file_3.day
[2026-08-19 18:07:57 IST] ================================================
[2026-08-19 18:07:57 IST] Part 2 Deployment Completed Successfully!
[2026-08-19 18:07:58 IST] ================================================
[2026-08-19 18:07:59 IST] For more details, check the log file: /c/Users/2320404/OneDrive - Cognizant/documents/github/data_engineer/codes/shell_scripts/logs/part_2/part_2_20260819_180721.log
