[(date '+%Y-%m-%d %H:%M:%S')] ================================================
[(date '+%Y-%m-%d %H:%M:%S')] Part 2 Deployment Script Started
[(date '+%Y-%m-%d %H:%M:%S')] ================================================
[2026-08-16 23:30:21] Step 1: Checking user authorization...
[2026-08-16 23:30:21] SUCCESS: User CTS+2320404 is authorized!
[2026-08-16 23:30:22] Step 2: Checking source directory...
[2026-08-16 23:30:22] SUCCESS: Source directory exists: /c/Users/2320404/OneDrive - Cognizant/documents/github/data_engineer/codes/shell_scripts/source
[2026-08-16 23:30:22] Step 3: Checking target directory...
[2026-08-16 23:30:23] SUCCESS: Target directory exists: /c/Users/2320404/OneDrive - Cognizant/documents/github/data_engineer/codes/shell_scripts/target
[2026-08-16 23:30:23] Step 4: Starting File 2 operation...
[2026-08-16 23:30:23] ------------------------------------------------
[2026-08-16 23:30:24] Processing File 2: sample_file_2.day
[2026-08-16 23:30:24] ------------------------------------------------
[2026-08-16 23:30:25] Checking source file 2...
[(date '+%Y-%m-%d %H:%M:%S')] SUCCESS: sample_file_2.day file 2 found!
[2026-08-16 23:30:25] Checking target file 2...
[(date '+%Y-%m-%d %H:%M:%S')] SUCCESS: sample_file_2.day file 2 found!
[(date '+%Y-%m-%d %H:%M:%S')] Removing sample_file_2.day file 2...
[(date '+%Y-%m-%d %H:%M:%S')] SUCCESS: Target file 2 removed!
[2026-08-16 23:30:26] Copying file 2 to target...
[(date '+%Y-%m-%d %H:%M:%S')] SUCCESS: sample_file_2.day 2 copied successfully!
[2026-08-16 23:30:26] From: /c/Users/2320404/OneDrive - Cognizant/documents/github/data_engineer/codes/shell_scripts/source/sample_file_2.day
[2026-08-16 23:30:27] To:   /c/Users/2320404/OneDrive - Cognizant/documents/github/data_engineer/codes/shell_scripts/target/sample_file_2.day
[2026-08-16 23:30:27] Verifying file 2 placement...
[(date '+%Y-%m-%d %H:%M:%S')] SUCCESS: sample_file_2.day File 2 verified!
-rw-r--r-- 1 CTS+2320404 4096 0 Aug 16 23:30 /c/Users/2320404/OneDrive - Cognizant/documents/github/data_engineer/codes/shell_scripts/target/sample_file_2.day
[2026-08-16 23:30:28] Step 5: Starting File 3 operation...
[2026-08-16 23:30:28] ------------------------------------------------
[2026-08-16 23:30:28] Processing File 3: sample_file_3.day
[2026-08-16 23:30:29] ------------------------------------------------
[2026-08-16 23:30:29] Checking source file 3...
[(date '+%Y-%m-%d %H:%M:%S')] SUCCESS: sample_file_3.day file 3 found!
[2026-08-16 23:30:30] Checking target file 3...
[(date '+%Y-%m-%d %H:%M:%S')] SUCCESS: sample_file_3.day file 3 found!
[(date '+%Y-%m-%d %H:%M:%S')] Removing sample_file_3.day file 3...
[(date '+%Y-%m-%d %H:%M:%S')] SUCCESS: Target file 3 removed!
[2026-08-16 23:30:30] Copying file 3 to target...
[(date '+%Y-%m-%d %H:%M:%S')] SUCCESS: sample_file_3.day 3 copied successfully!
[2026-08-16 23:30:31] From: /c/Users/2320404/OneDrive - Cognizant/documents/github/data_engineer/codes/shell_scripts/source/sample_file_3.day
[2026-08-16 23:30:31] To:   /c/Users/2320404/OneDrive - Cognizant/documents/github/data_engineer/codes/shell_scripts/target/sample_file_3.day
[2026-08-16 23:30:32] Verifying file 3 placement...
[(date '+%Y-%m-%d %H:%M:%S')] SUCCESS: sample_file_3.day File 3 verified!
-rw-r--r-- 1 CTS+2320404 4096 0 Aug 16 23:30 /c/Users/2320404/OneDrive - Cognizant/documents/github/data_engineer/codes/shell_scripts/target/sample_file_3.day
[2026-08-16 23:30:32] Step 6: Final verification of all files...
[(date '+%Y-%m-%d %H:%M:%S')] SUCCESS: All files verified in target!
total 0
-rw-r--r-- 1 CTS+2320404 4096 0 Aug 16 20:09 sample_file_1.day
-rw-r--r-- 1 CTS+2320404 4096 0 Aug 16 23:30 sample_file_2.day
-rw-r--r-- 1 CTS+2320404 4096 0 Aug 16 23:30 sample_file_3.day
[(date '+%Y-%m-%d %H:%M:%S')] ================================================
[(date '+%Y-%m-%d %H:%M:%S')] Part 2 Deployment Completed Successfully!
[(date '+%Y-%m-%d %H:%M:%S')] ================================================
