[2026-08-27 00:34:35 IST] ================================================
[2026-08-27 00:34:36 IST] Part 2 Deployment Script Started
[2026-08-27 00:34:36 IST] ================================================
[2026-08-27 00:34:36 IST] Step 1: Checking user authorization...
[2026-08-27 00:34:37 IST] SUCCESS: User CTS+2320404 is authorized!
[2026-08-27 00:34:37 IST] Step 2: Checking source directory...
[2026-08-27 00:34:38 IST] SUCCESS: Source directory exists: /c/Users/2320404/OneDrive - Cognizant/documents/github/data_engineer/codes/shell_scripts/source
[2026-08-27 00:34:38 IST] Step 3: Checking target directory...
[2026-08-27 00:34:38 IST] SUCCESS: Target directory exists: /c/Users/2320404/OneDrive - Cognizant/documents/github/data_engineer/codes/shell_scripts/target
[2026-08-27 00:34:38 IST] Step 4: Starting File 2 operation...
[2026-08-27 00:34:39 IST] ------------------------------------------------
[2026-08-27 00:34:39 IST] Processing File 2: sample_file_2.day
[2026-08-27 00:34:39 IST] ------------------------------------------------
[2026-08-27 00:34:40 IST] Checking source file 2...
[2026-08-27 00:34:40 IST] SUCCESS: sample_file_2.day file found!
[2026-08-27 00:34:40 IST] SUCCESS: Source sample_file_2.day file 2 found!
[2026-08-27 00:34:41 IST] Checking target file 2...
[2026-08-27 00:34:41 IST] SUCCESS: sample_file_2.day file found!
[2026-08-27 00:34:41 IST] SUCCESS: Target sample_file_2.day file 2 found!
[2026-08-27 00:34:41 IST] Removing sample_file_2.day file 2...
[2026-08-27 00:34:42 IST] Proceeding to remove sample_file_2.day file...
[2026-08-27 00:34:42 IST] SUCCESS: sample_file_2.day file removed!
[2026-08-27 00:34:43 IST] Copying sample_file_2.day file to target...
[2026-08-27 00:34:43 IST] SUCCESS: sample_file_2.day copied successfully!
[2026-08-27 00:34:44 IST] From: /c/Users/2320404/OneDrive - Cognizant/documents/github/data_engineer/codes/shell_scripts/source/sample_file_2.day
[2026-08-27 00:34:44 IST] To:   /c/Users/2320404/OneDrive - Cognizant/documents/github/data_engineer/codes/shell_scripts/target/sample_file_2.day
[2026-08-27 00:34:44 IST] Verifying file sample_file_2.day placement...
[2026-08-27 00:34:45 IST] SUCCESS: sample_file_2.day File verified successfully after copy!
-rw-r--r-- 1 CTS+2320404 4096 0 Aug 27 00:34 /c/Users/2320404/OneDrive - Cognizant/documents/github/data_engineer/codes/shell_scripts/target/sample_file_2.day
[2026-08-27 00:34:45 IST] .....
[2026-08-27 00:34:46 IST] Step 5: Starting File 3 operation...
[2026-08-27 00:34:46 IST] ------------------------------------------------
[2026-08-27 00:34:46 IST] Processing File 3: sample_file_3.day
[2026-08-27 00:34:46 IST] ------------------------------------------------
[2026-08-27 00:34:47 IST] Checking source file 3...
[2026-08-27 00:34:47 IST] SUCCESS: sample_file_3.day file found!
[2026-08-27 00:34:48 IST] SUCCESS: Source sample_file_3.day file 3 found!
[2026-08-27 00:34:48 IST] Checking target file 3...
[2026-08-27 00:34:48 IST] SUCCESS: sample_file_3.day file found!
[2026-08-27 00:34:49 IST] SUCCESS: Target sample_file_3.day file 3 found!
[2026-08-27 00:34:49 IST] Removing sample_file_3.day file 3...
[2026-08-27 00:34:49 IST] Proceeding to remove sample_file_3.day file...
[2026-08-27 00:34:50 IST] SUCCESS: sample_file_3.day file removed!
[2026-08-27 00:34:50 IST] Copying sample_file_3.day file to target...
[2026-08-27 00:34:51 IST] SUCCESS: sample_file_3.day copied successfully!
[2026-08-27 00:34:51 IST] From: /c/Users/2320404/OneDrive - Cognizant/documents/github/data_engineer/codes/shell_scripts/source/sample_file_3.day
[2026-08-27 00:34:52 IST] To:   /c/Users/2320404/OneDrive - Cognizant/documents/github/data_engineer/codes/shell_scripts/target/sample_file_3.day
[2026-08-27 00:34:52 IST] Verifying file sample_file_3.day placement...
[2026-08-27 00:34:52 IST] SUCCESS: sample_file_3.day File verified successfully after copy!
-rw-r--r-- 1 CTS+2320404 4096 0 Aug 27 00:34 /c/Users/2320404/OneDrive - Cognizant/documents/github/data_engineer/codes/shell_scripts/target/sample_file_3.day
[2026-08-27 00:34:53 IST] Step 6: Final verification of all files...
[2026-08-27 00:34:53 IST] .....
[2026-08-27 00:34:54 IST] SUCCESS: All files verified Successfully!
total 0
-rw-r--r-- 1 CTS+2320404 4096 0 Aug 27 00:34 sample_file_1.day
-rw-r--r-- 1 CTS+2320404 4096 0 Aug 27 00:34 sample_file_2.day
-rw-r--r-- 1 CTS+2320404 4096 0 Aug 27 00:34 sample_file_3.day
[2026-08-27 00:34:55 IST] ================================================
[2026-08-27 00:34:55 IST] Part 2 Deployment Completed Successfully!
[2026-08-27 00:34:55 IST] ================================================
[2026-08-27 00:34:56 IST] For more details, check the log file: /c/Users/2320404/OneDrive - Cognizant/documents/github/data_engineer/codes/shell_scripts/logs/part_2/part_2_20260827_003435.log
