[2026-09-17 18:23:15 IST] ================================================
[2026-09-17 18:23:15 IST] Part 2 Deployment Script Started
[2026-09-17 18:23:16 IST] ================================================
[2026-09-17 18:23:16 IST] Step 1: Checking user authorization...
[2026-09-17 18:23:16 IST] SUCCESS: User CTS+2320404 is authorized!
[2026-09-17 18:23:17 IST] Step 2: Checking source directory...
[2026-09-17 18:23:17 IST] SUCCESS: Source directory exists: /c/Users/2320404/OneDrive - Cognizant/documents/github/data_engineer/codes/shell_scripts/source
[2026-09-17 18:23:17 IST] Step 3: Checking target directory...
[2026-09-17 18:23:18 IST] SUCCESS: Target directory exists: /c/Users/2320404/OneDrive - Cognizant/documents/github/data_engineer/codes/shell_scripts/target
[2026-09-17 18:23:18 IST] Step 4: Starting File 2 operation...
[2026-09-17 18:23:18 IST] ------------------------------------------------
[2026-09-17 18:23:18 IST] Processing File 2: sample_file_2.day
[2026-09-17 18:23:18 IST] ------------------------------------------------
[2026-09-17 18:23:19 IST] Checking source file 2...
[2026-09-17 18:23:19 IST] SUCCESS: sample_file_2.day file found!
[2026-09-17 18:23:19 IST] SUCCESS: Source sample_file_2.day file 2 found!
[2026-09-17 18:23:20 IST] Checking target file 2...
[2026-09-17 18:23:20 IST] SUCCESS: sample_file_2.day file found!
[2026-09-17 18:23:20 IST] SUCCESS: Target sample_file_2.day file 2 found!
[2026-09-17 18:23:20 IST] Removing sample_file_2.day file 2...
[2026-09-17 18:23:21 IST] Proceeding to remove sample_file_2.day file...
[2026-09-17 18:23:21 IST] SUCCESS: sample_file_2.day file removed!
[2026-09-17 18:23:21 IST] Copying sample_file_2.day file to target...
[2026-09-17 18:23:22 IST] SUCCESS: sample_file_2.day copied successfully!
[2026-09-17 18:23:22 IST] From: /c/Users/2320404/OneDrive - Cognizant/documents/github/data_engineer/codes/shell_scripts/source/sample_file_2.day
[2026-09-17 18:23:22 IST] To:   /c/Users/2320404/OneDrive - Cognizant/documents/github/data_engineer/codes/shell_scripts/target/sample_file_2.day
[2026-09-17 18:23:23 IST] Verifying file sample_file_2.day placement...
[2026-09-17 18:23:23 IST] SUCCESS: sample_file_2.day File verified successfully after copy!
-rw-r--r-- 1 CTS+2320404 4096 0 Sep 17 18:23 /c/Users/2320404/OneDrive - Cognizant/documents/github/data_engineer/codes/shell_scripts/target/sample_file_2.day
[2026-09-17 18:23:24 IST] .....
[2026-09-17 18:23:24 IST] Step 5: Starting File 3 operation...
[2026-09-17 18:23:24 IST] ------------------------------------------------
[2026-09-17 18:23:24 IST] Processing File 3: sample_file_3.day
[2026-09-17 18:23:24 IST] ------------------------------------------------
[2026-09-17 18:23:25 IST] Checking source file 3...
[2026-09-17 18:23:25 IST] SUCCESS: sample_file_3.day file found!
[2026-09-17 18:23:25 IST] SUCCESS: Source sample_file_3.day file 3 found!
[2026-09-17 18:23:26 IST] Checking target file 3...
[2026-09-17 18:23:26 IST] SUCCESS: sample_file_3.day file found!
[2026-09-17 18:23:26 IST] SUCCESS: Target sample_file_3.day file 3 found!
[2026-09-17 18:23:26 IST] Removing sample_file_3.day file 3...
[2026-09-17 18:23:27 IST] Proceeding to remove sample_file_3.day file...
[2026-09-17 18:23:27 IST] SUCCESS: sample_file_3.day file removed!
[2026-09-17 18:23:27 IST] Copying sample_file_3.day file to target...
[2026-09-17 18:23:28 IST] SUCCESS: sample_file_3.day copied successfully!
[2026-09-17 18:23:28 IST] From: /c/Users/2320404/OneDrive - Cognizant/documents/github/data_engineer/codes/shell_scripts/source/sample_file_3.day
[2026-09-17 18:23:28 IST] To:   /c/Users/2320404/OneDrive - Cognizant/documents/github/data_engineer/codes/shell_scripts/target/sample_file_3.day
[2026-09-17 18:23:29 IST] Verifying file sample_file_3.day placement...
[2026-09-17 18:23:29 IST] SUCCESS: sample_file_3.day File verified successfully after copy!
-rw-r--r-- 1 CTS+2320404 4096 0 Sep 17 18:23 /c/Users/2320404/OneDrive - Cognizant/documents/github/data_engineer/codes/shell_scripts/target/sample_file_3.day
[2026-09-17 18:23:30 IST] Step 6: Final verification of all files...
[2026-09-17 18:23:30 IST] .....
[2026-09-17 18:23:30 IST] SUCCESS: All files verified Successfully!
total 0
-rw-r--r-- 1 CTS+2320404 4096 0 Sep 17 18:23 sample_file_1.day
-rw-r--r-- 1 CTS+2320404 4096 0 Sep 17 18:23 sample_file_2.day
-rw-r--r-- 1 CTS+2320404 4096 0 Sep 17 18:23 sample_file_3.day
[2026-09-17 18:23:31 IST] ================================================
[2026-09-17 18:23:31 IST] Part 2 Deployment Completed Successfully!
[2026-09-17 18:23:31 IST] ================================================
[2026-09-17 18:23:32 IST] For more details, check the log file: /c/Users/2320404/OneDrive - Cognizant/documents/github/data_engineer/codes/shell_scripts/logs/part_2/part_2_20260917_182314.log
