[2026-08-29 11:43:50 IST] ================================================
[2026-08-29 11:43:50 IST] Part 2 Deployment Script Started
[2026-08-29 11:43:51 IST] ================================================
[2026-08-29 11:43:51 IST] Step 1: Checking user authorization...
[2026-08-29 11:43:52 IST] SUCCESS: User CTS+2320404 is authorized!
[2026-08-29 11:43:52 IST] Step 2: Checking source directory...
[2026-08-29 11:43:53 IST] SUCCESS: Source directory exists: /c/Users/2320404/OneDrive - Cognizant/documents/github/data_engineer/codes/shell_scripts/source
[2026-08-29 11:43:53 IST] Step 3: Checking target directory...
[2026-08-29 11:43:53 IST] SUCCESS: Target directory exists: /c/Users/2320404/OneDrive - Cognizant/documents/github/data_engineer/codes/shell_scripts/target
[2026-08-29 11:43:54 IST] Step 4: Starting File 2 operation...
[2026-08-29 11:43:54 IST] ------------------------------------------------
[2026-08-29 11:43:54 IST] Processing File 2: sample_file_2.day
[2026-08-29 11:43:54 IST] ------------------------------------------------
[2026-08-29 11:43:55 IST] Checking source file 2...
[2026-08-29 11:43:55 IST] SUCCESS: sample_file_2.day file found!
[2026-08-29 11:43:56 IST] SUCCESS: Source sample_file_2.day file 2 found!
[2026-08-29 11:43:56 IST] Checking target file 2...
[2026-08-29 11:43:56 IST] SUCCESS: sample_file_2.day file found!
[2026-08-29 11:43:57 IST] SUCCESS: Target sample_file_2.day file 2 found!
[2026-08-29 11:43:57 IST] Removing sample_file_2.day file 2...
[2026-08-29 11:43:58 IST] Proceeding to remove sample_file_2.day file...
[2026-08-29 11:43:58 IST] SUCCESS: sample_file_2.day file removed!
[2026-08-29 11:43:59 IST] Copying sample_file_2.day file to target...
[2026-08-29 11:43:59 IST] SUCCESS: sample_file_2.day copied successfully!
[2026-08-29 11:44:00 IST] From: /c/Users/2320404/OneDrive - Cognizant/documents/github/data_engineer/codes/shell_scripts/source/sample_file_2.day
[2026-08-29 11:44:00 IST] To:   /c/Users/2320404/OneDrive - Cognizant/documents/github/data_engineer/codes/shell_scripts/target/sample_file_2.day
[2026-08-29 11:44:00 IST] Verifying file sample_file_2.day placement...
[2026-08-29 11:44:01 IST] SUCCESS: sample_file_2.day File verified successfully after copy!
-rw-r--r-- 1 CTS+2320404 4096 0 Aug 29 11:43 /c/Users/2320404/OneDrive - Cognizant/documents/github/data_engineer/codes/shell_scripts/target/sample_file_2.day
[2026-08-29 11:44:02 IST] .....
[2026-08-29 11:44:02 IST] Step 5: Starting File 3 operation...
[2026-08-29 11:44:02 IST] ------------------------------------------------
[2026-08-29 11:44:03 IST] Processing File 3: sample_file_3.day
[2026-08-29 11:44:03 IST] ------------------------------------------------
[2026-08-29 11:44:03 IST] Checking source file 3...
[2026-08-29 11:44:04 IST] SUCCESS: sample_file_3.day file found!
[2026-08-29 11:44:04 IST] SUCCESS: Source sample_file_3.day file 3 found!
[2026-08-29 11:44:04 IST] Checking target file 3...
[2026-08-29 11:44:05 IST] SUCCESS: sample_file_3.day file found!
[2026-08-29 11:44:05 IST] SUCCESS: Target sample_file_3.day file 3 found!
[2026-08-29 11:44:05 IST] Removing sample_file_3.day file 3...
[2026-08-29 11:44:06 IST] Proceeding to remove sample_file_3.day file...
[2026-08-29 11:44:07 IST] SUCCESS: sample_file_3.day file removed!
[2026-08-29 11:44:07 IST] Copying sample_file_3.day file to target...
[2026-08-29 11:44:08 IST] SUCCESS: sample_file_3.day copied successfully!
[2026-08-29 11:44:08 IST] From: /c/Users/2320404/OneDrive - Cognizant/documents/github/data_engineer/codes/shell_scripts/source/sample_file_3.day
[2026-08-29 11:44:08 IST] To:   /c/Users/2320404/OneDrive - Cognizant/documents/github/data_engineer/codes/shell_scripts/target/sample_file_3.day
[2026-08-29 11:44:09 IST] Verifying file sample_file_3.day placement...
[2026-08-29 11:44:09 IST] SUCCESS: sample_file_3.day File verified successfully after copy!
-rw-r--r-- 1 CTS+2320404 4096 0 Aug 29 11:44 /c/Users/2320404/OneDrive - Cognizant/documents/github/data_engineer/codes/shell_scripts/target/sample_file_3.day
[2026-08-29 11:44:10 IST] Step 6: Final verification of all files...
[2026-08-29 11:44:10 IST] .....
[2026-08-29 11:44:11 IST] SUCCESS: All files verified Successfully!
total 0
-rw-r--r-- 1 CTS+2320404 4096 0 Aug 29 11:43 sample_file_1.day
-rw-r--r-- 1 CTS+2320404 4096 0 Aug 29 11:43 sample_file_2.day
-rw-r--r-- 1 CTS+2320404 4096 0 Aug 29 11:44 sample_file_3.day
[2026-08-29 11:44:11 IST] ================================================
[2026-08-29 11:44:12 IST] Part 2 Deployment Completed Successfully!
[2026-08-29 11:44:12 IST] ================================================
[2026-08-29 11:44:13 IST] For more details, check the log file: /c/Users/2320404/OneDrive - Cognizant/documents/github/data_engineer/codes/shell_scripts/logs/part_2/part_2_20260829_114349.log
