[2026-08-18 00:11:30 IST] ================================================
[2026-08-18 00:11:31 IST] Part 2 Deployment Script Started
[2026-08-18 00:11:31 IST] ================================================
[2026-08-18 00:11:31 IST] Step 1: Checking user authorization...
[2026-08-18 00:11:32 IST] SUCCESS: User CTS+2320404 is authorized!
[2026-08-18 00:11:33 IST] Step 2: Checking source directory...
[2026-08-18 00:11:33 IST] SUCCESS: Source directory exists: /c/Users/2320404/OneDrive - Cognizant/documents/github/data_engineer/codes/shell_scripts/source
[2026-08-18 00:11:33 IST] Step 3: Checking target directory...
[2026-08-18 00:11:34 IST] SUCCESS: Target directory exists: /c/Users/2320404/OneDrive - Cognizant/documents/github/data_engineer/codes/shell_scripts/target
[2026-08-18 00:11:34 IST] Step 4: Starting File 2 operation...
[2026-08-18 00:11:34 IST] ------------------------------------------------
[2026-08-18 00:11:35 IST] Processing File 2: sample_file_2.day
[2026-08-18 00:11:35 IST] ------------------------------------------------
[2026-08-18 00:11:36 IST] Checking source file 2...
[2026-08-18 00:11:36 IST] SUCCESS: sample_file_2.day file found!
[2026-08-18 00:11:37 IST] SUCCESS: Source sample_file_2.day file 2 found!
[2026-08-18 00:11:37 IST] Checking target file 2...
[2026-08-18 00:11:37 IST] SUCCESS: sample_file_2.day file found!
[2026-08-18 00:11:38 IST] SUCCESS: Target sample_file_2.day file 2 found!
[2026-08-18 00:11:38 IST] Removing sample_file_2.day file 2...
[2026-08-18 00:11:39 IST] Proceeding to remove sample_file_2.day file...
[2026-08-18 00:11:40 IST] SUCCESS: sample_file_2.day file removed!
[2026-08-18 00:11:40 IST] Copying sample_file_2.day file to target...
[2026-08-18 00:11:41 IST] SUCCESS: sample_file_2.day copied successfully!
[2026-08-18 00:11:41 IST] From: /c/Users/2320404/OneDrive - Cognizant/documents/github/data_engineer/codes/shell_scripts/source/sample_file_2.day
[2026-08-18 00:11:42 IST] To:   /c/Users/2320404/OneDrive - Cognizant/documents/github/data_engineer/codes/shell_scripts/target/sample_file_2.day
[2026-08-18 00:11:42 IST] Verifying file sample_file_2.day placement...
[2026-08-18 00:11:43 IST] SUCCESS: sample_file_2.day File verified successfully after copy!
-rw-r--r-- 1 CTS+2320404 4096 0 Aug 18 00:11 /c/Users/2320404/OneDrive - Cognizant/documents/github/data_engineer/codes/shell_scripts/target/sample_file_2.day
[2026-08-18 00:11:44 IST] .....
[2026-08-18 00:11:44 IST] Step 5: Starting File 3 operation...
[2026-08-18 00:11:44 IST] ------------------------------------------------
[2026-08-18 00:11:45 IST] Processing File 3: sample_file_3.day
[2026-08-18 00:11:45 IST] ------------------------------------------------
[2026-08-18 00:11:45 IST] Checking source file 3...
[2026-08-18 00:11:46 IST] SUCCESS: sample_file_3.day file found!
[2026-08-18 00:11:46 IST] SUCCESS: Source sample_file_3.day file 3 found!
[2026-08-18 00:11:46 IST] Checking target file 3...
[2026-08-18 00:11:47 IST] SUCCESS: sample_file_3.day file found!
[2026-08-18 00:11:47 IST] SUCCESS: Target sample_file_3.day file 3 found!
[2026-08-18 00:11:48 IST] Removing sample_file_3.day file 3...
[2026-08-18 00:11:48 IST] Proceeding to remove sample_file_3.day file...
[2026-08-18 00:11:49 IST] SUCCESS: sample_file_3.day file removed!
[2026-08-18 00:11:49 IST] Copying sample_file_3.day file to target...
[2026-08-18 00:11:50 IST] SUCCESS: sample_file_3.day copied successfully!
[2026-08-18 00:11:51 IST] From: /c/Users/2320404/OneDrive - Cognizant/documents/github/data_engineer/codes/shell_scripts/source/sample_file_3.day
[2026-08-18 00:11:51 IST] To:   /c/Users/2320404/OneDrive - Cognizant/documents/github/data_engineer/codes/shell_scripts/target/sample_file_3.day
[2026-08-18 00:11:51 IST] Verifying file sample_file_3.day placement...
[2026-08-18 00:11:52 IST] SUCCESS: sample_file_3.day File verified successfully after copy!
-rw-r--r-- 1 CTS+2320404 4096 0 Aug 18 00:11 /c/Users/2320404/OneDrive - Cognizant/documents/github/data_engineer/codes/shell_scripts/target/sample_file_3.day
[2026-08-18 00:11:52 IST] Step 6: Final verification of all files...
[2026-08-18 00:11:53 IST] .....
[2026-08-18 00:11:53 IST] SUCCESS: All files verified Successfully!
total 0
-rw-r--r-- 1 CTS+2320404 4096 0 Aug 18 00:10 sample_file_1.day
-rw-r--r-- 1 CTS+2320404 4096 0 Aug 18 00:11 sample_file_2.day
-rw-r--r-- 1 CTS+2320404 4096 0 Aug 18 00:11 sample_file_3.day
[2026-08-18 00:11:54 IST] ================================================
[2026-08-18 00:11:55 IST] Part 2 Deployment Completed Successfully!
[2026-08-18 00:11:55 IST] ================================================
[2026-08-18 00:11:56 IST] For more details, check the log file: /c/Users/2320404/OneDrive - Cognizant/documents/github/data_engineer/codes/shell_scripts/logs/part_2/part_2_20260818_001129.log
