[2026-08-19 18:29:03 IST] ================================================
[2026-08-19 18:29:04 IST] Part 2 Deployment Script Started
[2026-08-19 18:29:04 IST] ================================================
[2026-08-19 18:29:04 IST] Step 1: Checking user authorization...
[2026-08-19 18:29:05 IST] SUCCESS: User CTS+2320404 is authorized!
[2026-08-19 18:29:05 IST] Step 2: Checking source directory...
[2026-08-19 18:29:06 IST] SUCCESS: Source directory exists: /c/Users/2320404/OneDrive - Cognizant/documents/github/data_engineer/codes/shell_scripts/source
[2026-08-19 18:29:06 IST] Step 3: Checking target directory...
[2026-08-19 18:29:06 IST] SUCCESS: Target directory exists: /c/Users/2320404/OneDrive - Cognizant/documents/github/data_engineer/codes/shell_scripts/target
[2026-08-19 18:29:06 IST] Step 4: Starting File 2 operation...
[2026-08-19 18:29:07 IST] ------------------------------------------------
[2026-08-19 18:29:07 IST] Processing File 2: sample_file_2.day
[2026-08-19 18:29:07 IST] ------------------------------------------------
[2026-08-19 18:29:08 IST] Checking source file 2...
[2026-08-19 18:29:08 IST] SUCCESS: sample_file_2.day file found!
[2026-08-19 18:29:08 IST] SUCCESS: Source sample_file_2.day file 2 found!
[2026-08-19 18:29:09 IST] Checking target file 2...
[2026-08-19 18:29:09 IST] SUCCESS: sample_file_2.day file found!
[2026-08-19 18:29:09 IST] SUCCESS: Target sample_file_2.day file 2 found!
[2026-08-19 18:29:10 IST] Removing sample_file_2.day file 2...
[2026-08-19 18:29:10 IST] Proceeding to remove sample_file_2.day file...
[2026-08-19 18:29:11 IST] SUCCESS: sample_file_2.day file removed!
[2026-08-19 18:29:11 IST] Copying sample_file_2.day file to target...
[2026-08-19 18:29:12 IST] SUCCESS: sample_file_2.day copied successfully!
[2026-08-19 18:29:12 IST] From: /c/Users/2320404/OneDrive - Cognizant/documents/github/data_engineer/codes/shell_scripts/source/sample_file_2.day
[2026-08-19 18:29:13 IST] To:   /c/Users/2320404/OneDrive - Cognizant/documents/github/data_engineer/codes/shell_scripts/target/sample_file_2.day
[2026-08-19 18:29:13 IST] Verifying file sample_file_2.day placement...
[2026-08-19 18:29:13 IST] SUCCESS: sample_file_2.day File verified successfully after copy!
-rw-r--r-- 1 CTS+2320404 4096 0 Aug 19 18:29 /c/Users/2320404/OneDrive - Cognizant/documents/github/data_engineer/codes/shell_scripts/target/sample_file_2.day
[2026-08-19 18:29:14 IST] .....
[2026-08-19 18:29:15 IST] Step 5: Starting File 3 operation...
[2026-08-19 18:29:15 IST] ------------------------------------------------
[2026-08-19 18:29:15 IST] Processing File 3: sample_file_3.day
[2026-08-19 18:29:16 IST] ------------------------------------------------
[2026-08-19 18:29:16 IST] Checking source file 3...
[2026-08-19 18:29:16 IST] SUCCESS: sample_file_3.day file found!
[2026-08-19 18:29:17 IST] SUCCESS: Source sample_file_3.day file 3 found!
[2026-08-19 18:29:17 IST] Checking target file 3...
[2026-08-19 18:29:17 IST] SUCCESS: sample_file_3.day file found!
[2026-08-19 18:29:18 IST] SUCCESS: Target sample_file_3.day file 3 found!
[2026-08-19 18:29:18 IST] Removing sample_file_3.day file 3...
[2026-08-19 18:29:18 IST] Proceeding to remove sample_file_3.day file...
[2026-08-19 18:29:19 IST] SUCCESS: sample_file_3.day file removed!
[2026-08-19 18:29:20 IST] Copying sample_file_3.day file to target...
[2026-08-19 18:29:20 IST] SUCCESS: sample_file_3.day copied successfully!
[2026-08-19 18:29:21 IST] From: /c/Users/2320404/OneDrive - Cognizant/documents/github/data_engineer/codes/shell_scripts/source/sample_file_3.day
[2026-08-19 18:29:21 IST] To:   /c/Users/2320404/OneDrive - Cognizant/documents/github/data_engineer/codes/shell_scripts/target/sample_file_3.day
[2026-08-19 18:29:21 IST] Verifying file sample_file_3.day placement...
[2026-08-19 18:29:22 IST] SUCCESS: sample_file_3.day File verified successfully after copy!
-rw-r--r-- 1 CTS+2320404 4096 0 Aug 19 18:29 /c/Users/2320404/OneDrive - Cognizant/documents/github/data_engineer/codes/shell_scripts/target/sample_file_3.day
[2026-08-19 18:29:22 IST] Step 6: Final verification of all files...
[2026-08-19 18:29:23 IST] .....
[2026-08-19 18:29:23 IST] SUCCESS: All files verified Successfully!
total 0
-rw-r--r-- 1 CTS+2320404 4096 0 Aug 19 18:28 sample_file_1.day
-rw-r--r-- 1 CTS+2320404 4096 0 Aug 19 18:29 sample_file_2.day
-rw-r--r-- 1 CTS+2320404 4096 0 Aug 19 18:29 sample_file_3.day
[2026-08-19 18:29:24 IST] ================================================
[2026-08-19 18:29:25 IST] Part 2 Deployment Completed Successfully!
[2026-08-19 18:29:25 IST] ================================================
[2026-08-19 18:29:26 IST] For more details, check the log file: /c/Users/2320404/OneDrive - Cognizant/documents/github/data_engineer/codes/shell_scripts/logs/part_2/part_2_20260819_182902.log
