[2026-09-18 08:26:11 IST] ================================================
[2026-09-18 08:26:11 IST] Part 2 Deployment Script Started
[2026-09-18 08:26:12 IST] ================================================
[2026-09-18 08:26:12 IST] Step 1: Checking user authorization...
[2026-09-18 08:26:13 IST] SUCCESS: User CTS+2320404 is authorized!
[2026-09-18 08:26:13 IST] Step 2: Checking source directory...
[2026-09-18 08:26:14 IST] SUCCESS: Source directory exists: /c/Users/2320404/OneDrive - Cognizant/documents/github/data_engineer/codes/shell_scripts/source
[2026-09-18 08:26:14 IST] Step 3: Checking target directory...
[2026-09-18 08:26:14 IST] SUCCESS: Target directory exists: /c/Users/2320404/OneDrive - Cognizant/documents/github/data_engineer/codes/shell_scripts/target
[2026-09-18 08:26:15 IST] Step 4: Starting File 2 operation...
[2026-09-18 08:26:15 IST] ------------------------------------------------
[2026-09-18 08:26:15 IST] Processing File 2: sample_file_2.day
[2026-09-18 08:26:16 IST] ------------------------------------------------
[2026-09-18 08:26:16 IST] Checking source file 2...
[2026-09-18 08:26:17 IST] SUCCESS: sample_file_2.day file found!
[2026-09-18 08:26:17 IST] SUCCESS: Source sample_file_2.day file 2 found!
[2026-09-18 08:26:17 IST] Checking target file 2...
[2026-09-18 08:26:18 IST] SUCCESS: sample_file_2.day file found!
[2026-09-18 08:26:18 IST] SUCCESS: Target sample_file_2.day file 2 found!
[2026-09-18 08:26:18 IST] Removing sample_file_2.day file 2...
[2026-09-18 08:26:18 IST] Proceeding to remove sample_file_2.day file...
[2026-09-18 08:26:19 IST] SUCCESS: sample_file_2.day file removed!
[2026-09-18 08:26:19 IST] Copying sample_file_2.day file to target...
[2026-09-18 08:26:20 IST] SUCCESS: sample_file_2.day copied successfully!
[2026-09-18 08:26:20 IST] From: /c/Users/2320404/OneDrive - Cognizant/documents/github/data_engineer/codes/shell_scripts/source/sample_file_2.day
[2026-09-18 08:26:21 IST] To:   /c/Users/2320404/OneDrive - Cognizant/documents/github/data_engineer/codes/shell_scripts/target/sample_file_2.day
[2026-09-18 08:26:21 IST] Verifying file sample_file_2.day placement...
[2026-09-18 08:26:21 IST] SUCCESS: sample_file_2.day File verified successfully after copy!
-rw-r--r-- 1 CTS+2320404 4096 0 Sep 18 08:26 /c/Users/2320404/OneDrive - Cognizant/documents/github/data_engineer/codes/shell_scripts/target/sample_file_2.day
[2026-09-18 08:26:22 IST] .....
[2026-09-18 08:26:22 IST] Step 5: Starting File 3 operation...
[2026-09-18 08:26:22 IST] ------------------------------------------------
[2026-09-18 08:26:22 IST] Processing File 3: sample_file_3.day
[2026-09-18 08:26:23 IST] ------------------------------------------------
[2026-09-18 08:26:23 IST] Checking source file 3...
[2026-09-18 08:26:23 IST] SUCCESS: sample_file_3.day file found!
[2026-09-18 08:26:24 IST] SUCCESS: Source sample_file_3.day file 3 found!
[2026-09-18 08:26:24 IST] Checking target file 3...
[2026-09-18 08:26:24 IST] SUCCESS: sample_file_3.day file found!
[2026-09-18 08:26:24 IST] SUCCESS: Target sample_file_3.day file 3 found!
[2026-09-18 08:26:25 IST] Removing sample_file_3.day file 3...
[2026-09-18 08:26:25 IST] Proceeding to remove sample_file_3.day file...
[2026-09-18 08:26:25 IST] SUCCESS: sample_file_3.day file removed!
[2026-09-18 08:26:26 IST] Copying sample_file_3.day file to target...
[2026-09-18 08:26:26 IST] SUCCESS: sample_file_3.day copied successfully!
[2026-09-18 08:26:26 IST] From: /c/Users/2320404/OneDrive - Cognizant/documents/github/data_engineer/codes/shell_scripts/source/sample_file_3.day
[2026-09-18 08:26:27 IST] To:   /c/Users/2320404/OneDrive - Cognizant/documents/github/data_engineer/codes/shell_scripts/target/sample_file_3.day
[2026-09-18 08:26:27 IST] Verifying file sample_file_3.day placement...
[2026-09-18 08:26:27 IST] SUCCESS: sample_file_3.day File verified successfully after copy!
-rw-r--r-- 1 CTS+2320404 4096 0 Sep 18 08:26 /c/Users/2320404/OneDrive - Cognizant/documents/github/data_engineer/codes/shell_scripts/target/sample_file_3.day
[2026-09-18 08:26:28 IST] Step 6: Final verification of all files...
[2026-09-18 08:26:28 IST] .....
[2026-09-18 08:26:28 IST] SUCCESS: All files verified Successfully!
total 0
-rw-r--r-- 1 CTS+2320404 4096 0 Sep 18 08:26 sample_file_1.day
-rw-r--r-- 1 CTS+2320404 4096 0 Sep 18 08:26 sample_file_2.day
-rw-r--r-- 1 CTS+2320404 4096 0 Sep 18 08:26 sample_file_3.day
[2026-09-18 08:26:29 IST] ================================================
[2026-09-18 08:26:29 IST] Part 2 Deployment Completed Successfully!
[2026-09-18 08:26:30 IST] ================================================
[2026-09-18 08:26:30 IST] For more details, check the log file: /c/Users/2320404/OneDrive - Cognizant/documents/github/data_engineer/codes/shell_scripts/logs/part_2/part_2_20260918_082610.log
