[2026-09-16 20:53:22 IST] ================================================
[2026-09-16 20:53:23 IST] Part 2 Deployment Script Started
[2026-09-16 20:53:23 IST] ================================================
[2026-09-16 20:53:24 IST] Step 1: Checking user authorization...
[2026-09-16 20:53:24 IST] SUCCESS: User CTS+2320404 is authorized!
[2026-09-16 20:53:24 IST] Step 2: Checking source directory...
[2026-09-16 20:53:25 IST] SUCCESS: Source directory exists: /c/Users/2320404/OneDrive - Cognizant/documents/github/data_engineer/codes/shell_scripts/source
[2026-09-16 20:53:25 IST] Step 3: Checking target directory...
[2026-09-16 20:53:26 IST] SUCCESS: Target directory exists: /c/Users/2320404/OneDrive - Cognizant/documents/github/data_engineer/codes/shell_scripts/target
[2026-09-16 20:53:26 IST] Step 4: Starting File 2 operation...
[2026-09-16 20:53:26 IST] ------------------------------------------------
[2026-09-16 20:53:27 IST] Processing File 2: sample_file_2.day
[2026-09-16 20:53:27 IST] ------------------------------------------------
[2026-09-16 20:53:27 IST] Checking source file 2...
[2026-09-16 20:53:28 IST] SUCCESS: sample_file_2.day file found!
[2026-09-16 20:53:28 IST] SUCCESS: Source sample_file_2.day file 2 found!
[2026-09-16 20:53:28 IST] Checking target file 2...
[2026-09-16 20:53:29 IST] SUCCESS: sample_file_2.day file found!
[2026-09-16 20:53:29 IST] SUCCESS: Target sample_file_2.day file 2 found!
[2026-09-16 20:53:29 IST] Removing sample_file_2.day file 2...
[2026-09-16 20:53:29 IST] Proceeding to remove sample_file_2.day file...
[2026-09-16 20:53:30 IST] SUCCESS: sample_file_2.day file removed!
[2026-09-16 20:53:30 IST] Copying sample_file_2.day file to target...
[2026-09-16 20:53:31 IST] SUCCESS: sample_file_2.day copied successfully!
[2026-09-16 20:53:31 IST] From: /c/Users/2320404/OneDrive - Cognizant/documents/github/data_engineer/codes/shell_scripts/source/sample_file_2.day
[2026-09-16 20:53:31 IST] To:   /c/Users/2320404/OneDrive - Cognizant/documents/github/data_engineer/codes/shell_scripts/target/sample_file_2.day
[2026-09-16 20:53:32 IST] Verifying file sample_file_2.day placement...
[2026-09-16 20:53:32 IST] SUCCESS: sample_file_2.day File verified successfully after copy!
-rw-r--r-- 1 CTS+2320404 4096 0 Sep 16 20:53 /c/Users/2320404/OneDrive - Cognizant/documents/github/data_engineer/codes/shell_scripts/target/sample_file_2.day
[2026-09-16 20:53:33 IST] .....
[2026-09-16 20:53:33 IST] Step 5: Starting File 3 operation...
[2026-09-16 20:53:33 IST] ------------------------------------------------
[2026-09-16 20:53:34 IST] Processing File 3: sample_file_3.day
[2026-09-16 20:53:34 IST] ------------------------------------------------
[2026-09-16 20:53:34 IST] Checking source file 3...
[2026-09-16 20:53:35 IST] SUCCESS: sample_file_3.day file found!
[2026-09-16 20:53:35 IST] SUCCESS: Source sample_file_3.day file 3 found!
[2026-09-16 20:53:35 IST] Checking target file 3...
[2026-09-16 20:53:36 IST] SUCCESS: sample_file_3.day file found!
[2026-09-16 20:53:36 IST] SUCCESS: Target sample_file_3.day file 3 found!
[2026-09-16 20:53:36 IST] Removing sample_file_3.day file 3...
[2026-09-16 20:53:37 IST] Proceeding to remove sample_file_3.day file...
[2026-09-16 20:53:38 IST] SUCCESS: sample_file_3.day file removed!
[2026-09-16 20:53:38 IST] Copying sample_file_3.day file to target...
[2026-09-16 20:53:39 IST] SUCCESS: sample_file_3.day copied successfully!
[2026-09-16 20:53:39 IST] From: /c/Users/2320404/OneDrive - Cognizant/documents/github/data_engineer/codes/shell_scripts/source/sample_file_3.day
[2026-09-16 20:53:39 IST] To:   /c/Users/2320404/OneDrive - Cognizant/documents/github/data_engineer/codes/shell_scripts/target/sample_file_3.day
[2026-09-16 20:53:40 IST] Verifying file sample_file_3.day placement...
[2026-09-16 20:53:40 IST] SUCCESS: sample_file_3.day File verified successfully after copy!
-rw-r--r-- 1 CTS+2320404 4096 0 Sep 16 20:53 /c/Users/2320404/OneDrive - Cognizant/documents/github/data_engineer/codes/shell_scripts/target/sample_file_3.day
[2026-09-16 20:53:40 IST] Step 6: Final verification of all files...
[2026-09-16 20:53:41 IST] .....
[2026-09-16 20:53:41 IST] SUCCESS: All files verified Successfully!
total 0
-rw-r--r-- 1 CTS+2320404 4096 0 Sep 16 20:53 sample_file_1.day
-rw-r--r-- 1 CTS+2320404 4096 0 Sep 16 20:53 sample_file_2.day
-rw-r--r-- 1 CTS+2320404 4096 0 Sep 16 20:53 sample_file_3.day
[2026-09-16 20:53:42 IST] ================================================
[2026-09-16 20:53:42 IST] Part 2 Deployment Completed Successfully!
[2026-09-16 20:53:42 IST] ================================================
[2026-09-16 20:53:43 IST] For more details, check the log file: /c/Users/2320404/OneDrive - Cognizant/documents/github/data_engineer/codes/shell_scripts/logs/part_2/part_2_20260916_205322.log
