[2026-09-17 17:51:52 IST] ================================================
[2026-09-17 17:51:52 IST] Part 2 Deployment Script Started
[2026-09-17 17:51:52 IST] ================================================
[2026-09-17 17:51:53 IST] Step 1: Checking user authorization...
[2026-09-17 17:51:53 IST] SUCCESS: User CTS+2320404 is authorized!
[2026-09-17 17:51:54 IST] Step 2: Checking source directory...
[2026-09-17 17:51:54 IST] SUCCESS: Source directory exists: /c/Users/2320404/OneDrive - Cognizant/documents/github/data_engineer/codes/shell_scripts/source
[2026-09-17 17:51:54 IST] Step 3: Checking target directory...
[2026-09-17 17:51:54 IST] SUCCESS: Target directory exists: /c/Users/2320404/OneDrive - Cognizant/documents/github/data_engineer/codes/shell_scripts/target
[2026-09-17 17:51:55 IST] Step 4: Starting File 2 operation...
[2026-09-17 17:51:55 IST] ------------------------------------------------
[2026-09-17 17:51:55 IST] Processing File 2: sample_file_2.day
[2026-09-17 17:51:56 IST] ------------------------------------------------
[2026-09-17 17:51:56 IST] Checking source file 2...
[2026-09-17 17:51:56 IST] SUCCESS: sample_file_2.day file found!
[2026-09-17 17:51:56 IST] SUCCESS: Source sample_file_2.day file 2 found!
[2026-09-17 17:51:57 IST] Checking target file 2...
[2026-09-17 17:51:57 IST] SUCCESS: sample_file_2.day file found!
[2026-09-17 17:51:57 IST] SUCCESS: Target sample_file_2.day file 2 found!
[2026-09-17 17:51:57 IST] Removing sample_file_2.day file 2...
[2026-09-17 17:51:58 IST] Proceeding to remove sample_file_2.day file...
[2026-09-17 17:51:58 IST] SUCCESS: sample_file_2.day file removed!
[2026-09-17 17:51:59 IST] Copying sample_file_2.day file to target...
[2026-09-17 17:51:59 IST] SUCCESS: sample_file_2.day copied successfully!
[2026-09-17 17:51:59 IST] From: /c/Users/2320404/OneDrive - Cognizant/documents/github/data_engineer/codes/shell_scripts/source/sample_file_2.day
[2026-09-17 17:52:00 IST] To:   /c/Users/2320404/OneDrive - Cognizant/documents/github/data_engineer/codes/shell_scripts/target/sample_file_2.day
[2026-09-17 17:52:00 IST] Verifying file sample_file_2.day placement...
[2026-09-17 17:52:00 IST] SUCCESS: sample_file_2.day File verified successfully after copy!
-rw-r--r-- 1 CTS+2320404 4096 0 Sep 17 17:51 /c/Users/2320404/OneDrive - Cognizant/documents/github/data_engineer/codes/shell_scripts/target/sample_file_2.day
[2026-09-17 17:52:01 IST] .....
[2026-09-17 17:52:01 IST] Step 5: Starting File 3 operation...
[2026-09-17 17:52:01 IST] ------------------------------------------------
[2026-09-17 17:52:02 IST] Processing File 3: sample_file_3.day
[2026-09-17 17:52:02 IST] ------------------------------------------------
[2026-09-17 17:52:02 IST] Checking source file 3...
[2026-09-17 17:52:02 IST] SUCCESS: sample_file_3.day file found!
[2026-09-17 17:52:03 IST] SUCCESS: Source sample_file_3.day file 3 found!
[2026-09-17 17:52:03 IST] Checking target file 3...
[2026-09-17 17:52:03 IST] SUCCESS: sample_file_3.day file found!
[2026-09-17 17:52:03 IST] SUCCESS: Target sample_file_3.day file 3 found!
[2026-09-17 17:52:04 IST] Removing sample_file_3.day file 3...
[2026-09-17 17:52:04 IST] Proceeding to remove sample_file_3.day file...
[2026-09-17 17:52:05 IST] SUCCESS: sample_file_3.day file removed!
[2026-09-17 17:52:05 IST] Copying sample_file_3.day file to target...
[2026-09-17 17:52:05 IST] SUCCESS: sample_file_3.day copied successfully!
[2026-09-17 17:52:06 IST] From: /c/Users/2320404/OneDrive - Cognizant/documents/github/data_engineer/codes/shell_scripts/source/sample_file_3.day
[2026-09-17 17:52:06 IST] To:   /c/Users/2320404/OneDrive - Cognizant/documents/github/data_engineer/codes/shell_scripts/target/sample_file_3.day
[2026-09-17 17:52:06 IST] Verifying file sample_file_3.day placement...
[2026-09-17 17:52:06 IST] SUCCESS: sample_file_3.day File verified successfully after copy!
-rw-r--r-- 1 CTS+2320404 4096 0 Sep 17 17:52 /c/Users/2320404/OneDrive - Cognizant/documents/github/data_engineer/codes/shell_scripts/target/sample_file_3.day
[2026-09-17 17:52:07 IST] Step 6: Final verification of all files...
[2026-09-17 17:52:07 IST] .....
[2026-09-17 17:52:07 IST] SUCCESS: All files verified Successfully!
total 0
-rw-r--r-- 1 CTS+2320404 4096 0 Sep 17 17:51 sample_file_1.day
-rw-r--r-- 1 CTS+2320404 4096 0 Sep 17 17:51 sample_file_2.day
-rw-r--r-- 1 CTS+2320404 4096 0 Sep 17 17:52 sample_file_3.day
[2026-09-17 17:52:08 IST] ================================================
[2026-09-17 17:52:08 IST] Part 2 Deployment Completed Successfully!
[2026-09-17 17:52:09 IST] ================================================
[2026-09-17 17:52:09 IST] For more details, check the log file: /c/Users/2320404/OneDrive - Cognizant/documents/github/data_engineer/codes/shell_scripts/logs/part_2/part_2_20260917_175151.log
