[2026-08-16 23:33:16] ================================================
[2026-08-16 23:33:16] Part 2 Deployment Script Started
[2026-08-16 23:33:17] ================================================
[(date '+%Y-%m-%d %H:%M:%S')] Step 1: Checking user authorization...
[(date '+%Y-%m-%d %H:%M:%S')] SUCCESS: User CTS+2320404 is authorized!
[(date '+%Y-%m-%d %H:%M:%S')] Step 2: Checking source directory...
[(date '+%Y-%m-%d %H:%M:%S')] SUCCESS: Source directory exists: /c/Users/2320404/OneDrive - Cognizant/documents/github/data_engineer/codes/shell_scripts/source
[(date '+%Y-%m-%d %H:%M:%S')] Step 3: Checking target directory...
[(date '+%Y-%m-%d %H:%M:%S')] SUCCESS: Target directory exists: /c/Users/2320404/OneDrive - Cognizant/documents/github/data_engineer/codes/shell_scripts/target
[(date '+%Y-%m-%d %H:%M:%S')] Step 4: Starting File 2 operation...
[(date '+%Y-%m-%d %H:%M:%S')] ------------------------------------------------
[(date '+%Y-%m-%d %H:%M:%S')] Processing File 2: sample_file_2.day
[(date '+%Y-%m-%d %H:%M:%S')] ------------------------------------------------
[(date '+%Y-%m-%d %H:%M:%S')] Checking source file 2...
[2026-08-16 23:33:17] SUCCESS: sample_file_2.day file 2 found!
[(date '+%Y-%m-%d %H:%M:%S')] Checking target file 2...
[2026-08-16 23:33:18] SUCCESS: sample_file_2.day file 2 found!
[2026-08-16 23:33:18] Removing sample_file_2.day file 2...
[2026-08-16 23:33:19] SUCCESS: Target file 2 removed!
[(date '+%Y-%m-%d %H:%M:%S')] Copying file 2 to target...
[2026-08-16 23:33:20] SUCCESS: sample_file_2.day 2 copied successfully!
[(date '+%Y-%m-%d %H:%M:%S')] From: /c/Users/2320404/OneDrive - Cognizant/documents/github/data_engineer/codes/shell_scripts/source/sample_file_2.day
[(date '+%Y-%m-%d %H:%M:%S')] To:   /c/Users/2320404/OneDrive - Cognizant/documents/github/data_engineer/codes/shell_scripts/target/sample_file_2.day
[(date '+%Y-%m-%d %H:%M:%S')] Verifying file 2 placement...
[2026-08-16 23:33:20] SUCCESS: sample_file_2.day File 2 verified!
-rw-r--r-- 1 CTS+2320404 4096 0 Aug 16 23:33 /c/Users/2320404/OneDrive - Cognizant/documents/github/data_engineer/codes/shell_scripts/target/sample_file_2.day
[(date '+%Y-%m-%d %H:%M:%S')] Step 5: Starting File 3 operation...
[(date '+%Y-%m-%d %H:%M:%S')] ------------------------------------------------
[(date '+%Y-%m-%d %H:%M:%S')] Processing File 3: sample_file_3.day
[(date '+%Y-%m-%d %H:%M:%S')] ------------------------------------------------
[(date '+%Y-%m-%d %H:%M:%S')] Checking source file 3...
[2026-08-16 23:33:21] SUCCESS: sample_file_3.day file 3 found!
[(date '+%Y-%m-%d %H:%M:%S')] Checking target file 3...
[2026-08-16 23:33:21] SUCCESS: sample_file_3.day file 3 found!
[2026-08-16 23:33:22] Removing sample_file_3.day file 3...
[2026-08-16 23:33:22] SUCCESS: Target file 3 removed!
[(date '+%Y-%m-%d %H:%M:%S')] Copying file 3 to target...
[2026-08-16 23:33:23] SUCCESS: sample_file_3.day 3 copied successfully!
[(date '+%Y-%m-%d %H:%M:%S')] From: /c/Users/2320404/OneDrive - Cognizant/documents/github/data_engineer/codes/shell_scripts/source/sample_file_3.day
[(date '+%Y-%m-%d %H:%M:%S')] To:   /c/Users/2320404/OneDrive - Cognizant/documents/github/data_engineer/codes/shell_scripts/target/sample_file_3.day
[(date '+%Y-%m-%d %H:%M:%S')] Verifying file 3 placement...
[2026-08-16 23:33:23] SUCCESS: sample_file_3.day File 3 verified!
-rw-r--r-- 1 CTS+2320404 4096 0 Aug 16 23:33 /c/Users/2320404/OneDrive - Cognizant/documents/github/data_engineer/codes/shell_scripts/target/sample_file_3.day
[(date '+%Y-%m-%d %H:%M:%S')] Step 6: Final verification of all files...
[2026-08-16 23:33:24] SUCCESS: All files verified in target!
total 0
-rw-r--r-- 1 CTS+2320404 4096 0 Aug 16 20:09 sample_file_1.day
-rw-r--r-- 1 CTS+2320404 4096 0 Aug 16 23:33 sample_file_2.day
-rw-r--r-- 1 CTS+2320404 4096 0 Aug 16 23:33 sample_file_3.day
[2026-08-16 23:33:25] ================================================
[2026-08-16 23:33:25] Part 2 Deployment Completed Successfully!
[2026-08-16 23:33:26] ================================================
