[2026-08-17 11:54:18 IST] ================================================
[2026-08-17 11:54:18 IST] Part 2 Deployment Script Started
[2026-08-17 11:54:18 IST] ================================================
[2026-08-17 11:54:19 IST] Step 1: Checking user authorization...
[2026-08-17 11:54:19 IST] SUCCESS: User CTS+2320404 is authorized!
[2026-08-17 11:54:20 IST] Step 2: Checking source directory...
[2026-08-17 11:54:20 IST] SUCCESS: Source directory exists: /c/Users/2320404/OneDrive - Cognizant/documents/github/data_engineer/codes/shell_scripts/source
[2026-08-17 11:54:20 IST] Step 3: Checking target directory...
[2026-08-17 11:54:21 IST] SUCCESS: Target directory exists: /c/Users/2320404/OneDrive - Cognizant/documents/github/data_engineer/codes/shell_scripts/target
[2026-08-17 11:54:21 IST] Step 4: Starting File 2 operation...
[2026-08-17 11:54:22 IST] ------------------------------------------------
[2026-08-17 11:54:22 IST] Processing File 2: sample_file_2.day
[2026-08-17 11:54:22 IST] ------------------------------------------------
[2026-08-17 11:54:22 IST] Checking source file 2...
[2026-08-17 11:54:23 IST] SUCCESS: sample_file_2.day file found!
[2026-08-17 11:54:23 IST] SUCCESS: Source sample_file_2.day file 2 found!
[2026-08-17 11:54:24 IST] Checking target file 2...
[2026-08-17 11:54:24 IST] SUCCESS: sample_file_2.day file found!
[2026-08-17 11:54:24 IST] SUCCESS: Target sample_file_2.day file 2 found!
[2026-08-17 11:54:25 IST] Removing sample_file_2.day file 2...
[2026-08-17 11:54:25 IST] Proceeding to remove sample_file_2.day file...
[2026-08-17 11:54:26 IST] SUCCESS: sample_file_2.day file removed!
[2026-08-17 11:54:26 IST] Copying sample_file_2.day file to target...
[2026-08-17 11:54:27 IST] SUCCESS: sample_file_2.day copied successfully!
[2026-08-17 11:54:27 IST] From: /c/Users/2320404/OneDrive - Cognizant/documents/github/data_engineer/codes/shell_scripts/source/sample_file_2.day
[2026-08-17 11:54:27 IST] To:   /c/Users/2320404/OneDrive - Cognizant/documents/github/data_engineer/codes/shell_scripts/target/sample_file_2.day
[2026-08-17 11:54:28 IST] Verifying file sample_file_2.day placement...
[2026-08-17 11:54:28 IST] SUCCESS: sample_file_2.day File verified successfully after copy!
-rw-r--r-- 1 CTS+2320404 4096 0 Aug 17 11:54 /c/Users/2320404/OneDrive - Cognizant/documents/github/data_engineer/codes/shell_scripts/target/sample_file_2.day
[2026-08-17 11:54:29 IST] .....
[2026-08-17 11:54:29 IST] Step 5: Starting File 3 operation...
[2026-08-17 11:54:30 IST] ------------------------------------------------
[2026-08-17 11:54:30 IST] Processing File 3: sample_file_3.day
[2026-08-17 11:54:30 IST] ------------------------------------------------
[2026-08-17 11:54:31 IST] Checking source file 3...
[2026-08-17 11:54:31 IST] SUCCESS: sample_file_3.day file found!
[2026-08-17 11:54:31 IST] SUCCESS: Source sample_file_3.day file 3 found!
[2026-08-17 11:54:32 IST] Checking target file 3...
[2026-08-17 11:54:32 IST] SUCCESS: sample_file_3.day file found!
[2026-08-17 11:54:32 IST] SUCCESS: Target sample_file_3.day file 3 found!
[2026-08-17 11:54:33 IST] Removing sample_file_3.day file 3...
[2026-08-17 11:54:33 IST] Proceeding to remove sample_file_3.day file...
[2026-08-17 11:54:34 IST] SUCCESS: sample_file_3.day file removed!
[2026-08-17 11:54:34 IST] Copying sample_file_3.day file to target...
[2026-08-17 11:54:35 IST] SUCCESS: sample_file_3.day copied successfully!
[2026-08-17 11:54:35 IST] From: /c/Users/2320404/OneDrive - Cognizant/documents/github/data_engineer/codes/shell_scripts/source/sample_file_3.day
[2026-08-17 11:54:35 IST] To:   /c/Users/2320404/OneDrive - Cognizant/documents/github/data_engineer/codes/shell_scripts/target/sample_file_3.day
[2026-08-17 11:54:36 IST] Verifying file sample_file_3.day placement...
[2026-08-17 11:54:36 IST] SUCCESS: sample_file_3.day File verified successfully after copy!
-rw-r--r-- 1 CTS+2320404 4096 0 Aug 17 11:54 /c/Users/2320404/OneDrive - Cognizant/documents/github/data_engineer/codes/shell_scripts/target/sample_file_3.day
[2026-08-17 11:54:37 IST] Step 6: Final verification of all files...
[2026-08-17 11:54:37 IST] .....
[2026-08-17 11:54:37 IST] SUCCESS: All files verified Successfully!
total 0
-rw-r--r-- 1 CTS+2320404 4096 0 Aug 17 11:49 sample_file_1.day
-rw-r--r-- 1 CTS+2320404 4096 0 Aug 17 11:54 sample_file_2.day
-rw-r--r-- 1 CTS+2320404 4096 0 Aug 17 11:54 sample_file_3.day
[2026-08-17 11:54:38 IST] ================================================
[2026-08-17 11:54:39 IST] Part 2 Deployment Completed Successfully!
[2026-08-17 11:54:39 IST] ================================================
[2026-08-17 11:54:39 IST] For more details, check the log file: /c/Users/2320404/OneDrive - Cognizant/documents/github/data_engineer/codes/shell_scripts/logs/part_2/part_2_20260817_115417.log
