[2026-08-21 23:30:01 IST] ================================================
[2026-08-21 23:30:02 IST] Part 2 Deployment Script Started
[2026-08-21 23:30:03 IST] ================================================
[2026-08-21 23:30:03 IST] Step 1: Checking user authorization...
[2026-08-21 23:30:04 IST] SUCCESS: User CTS+2320404 is authorized!
[2026-08-21 23:30:05 IST] Step 2: Checking source directory...
[2026-08-21 23:30:06 IST] SUCCESS: Source directory exists: /c/Users/2320404/OneDrive - Cognizant/documents/github/data_engineer/codes/shell_scripts/source
[2026-08-21 23:30:06 IST] Step 3: Checking target directory...
[2026-08-21 23:30:07 IST] SUCCESS: Target directory exists: /c/Users/2320404/OneDrive - Cognizant/documents/github/data_engineer/codes/shell_scripts/target
[2026-08-21 23:30:07 IST] Step 4: Starting File 2 operation...
[2026-08-21 23:30:08 IST] ------------------------------------------------
[2026-08-21 23:30:09 IST] Processing File 2: sample_file_2.day
[2026-08-21 23:30:09 IST] ------------------------------------------------
[2026-08-21 23:30:10 IST] Checking source file 2...
[2026-08-21 23:30:10 IST] SUCCESS: sample_file_2.day file found!
[2026-08-21 23:30:11 IST] SUCCESS: Source sample_file_2.day file 2 found!
[2026-08-21 23:30:12 IST] Checking target file 2...
[2026-08-21 23:30:12 IST] SUCCESS: sample_file_2.day file found!
[2026-08-21 23:30:13 IST] SUCCESS: Target sample_file_2.day file 2 found!
[2026-08-21 23:30:13 IST] Removing sample_file_2.day file 2...
[2026-08-21 23:30:14 IST] Proceeding to remove sample_file_2.day file...
[2026-08-21 23:30:15 IST] SUCCESS: sample_file_2.day file removed!
[2026-08-21 23:30:16 IST] Copying sample_file_2.day file to target...
[2026-08-21 23:30:17 IST] SUCCESS: sample_file_2.day copied successfully!
[2026-08-21 23:30:18 IST] From: /c/Users/2320404/OneDrive - Cognizant/documents/github/data_engineer/codes/shell_scripts/source/sample_file_2.day
[2026-08-21 23:30:19 IST] To:   /c/Users/2320404/OneDrive - Cognizant/documents/github/data_engineer/codes/shell_scripts/target/sample_file_2.day
[2026-08-21 23:30:19 IST] Verifying file sample_file_2.day placement...
[2026-08-21 23:30:20 IST] SUCCESS: sample_file_2.day File verified successfully after copy!
-rw-r--r-- 1 CTS+2320404 4096 0 Aug 21 23:30 /c/Users/2320404/OneDrive - Cognizant/documents/github/data_engineer/codes/shell_scripts/target/sample_file_2.day
[2026-08-21 23:30:21 IST] .....
[2026-08-21 23:30:22 IST] Step 5: Starting File 3 operation...
[2026-08-21 23:30:22 IST] ------------------------------------------------
[2026-08-21 23:30:23 IST] Processing File 3: sample_file_3.day
[2026-08-21 23:30:23 IST] ------------------------------------------------
[2026-08-21 23:30:24 IST] Checking source file 3...
[2026-08-21 23:30:25 IST] SUCCESS: sample_file_3.day file found!
[2026-08-21 23:30:25 IST] SUCCESS: Source sample_file_3.day file 3 found!
[2026-08-21 23:30:26 IST] Checking target file 3...
[2026-08-21 23:30:26 IST] SUCCESS: sample_file_3.day file found!
[2026-08-21 23:30:27 IST] SUCCESS: Target sample_file_3.day file 3 found!
[2026-08-21 23:30:28 IST] Removing sample_file_3.day file 3...
[2026-08-21 23:30:28 IST] Proceeding to remove sample_file_3.day file...
[2026-08-21 23:30:29 IST] SUCCESS: sample_file_3.day file removed!
[2026-08-21 23:30:30 IST] Copying sample_file_3.day file to target...
[2026-08-21 23:30:31 IST] SUCCESS: sample_file_3.day copied successfully!
[2026-08-21 23:30:32 IST] From: /c/Users/2320404/OneDrive - Cognizant/documents/github/data_engineer/codes/shell_scripts/source/sample_file_3.day
[2026-08-21 23:30:32 IST] To:   /c/Users/2320404/OneDrive - Cognizant/documents/github/data_engineer/codes/shell_scripts/target/sample_file_3.day
[2026-08-21 23:30:33 IST] Verifying file sample_file_3.day placement...
[2026-08-21 23:30:33 IST] SUCCESS: sample_file_3.day File verified successfully after copy!
-rw-r--r-- 1 CTS+2320404 4096 0 Aug 21 23:30 /c/Users/2320404/OneDrive - Cognizant/documents/github/data_engineer/codes/shell_scripts/target/sample_file_3.day
[2026-08-21 23:30:35 IST] Step 6: Final verification of all files...
[2026-08-21 23:30:35 IST] .....
[2026-08-21 23:30:36 IST] SUCCESS: All files verified Successfully!
total 0
-rw-r--r-- 1 CTS+2320404 4096 0 Aug 21 23:29 sample_file_1.day
-rw-r--r-- 1 CTS+2320404 4096 0 Aug 21 23:30 sample_file_2.day
-rw-r--r-- 1 CTS+2320404 4096 0 Aug 21 23:30 sample_file_3.day
[2026-08-21 23:30:37 IST] ================================================
[2026-08-21 23:30:38 IST] Part 2 Deployment Completed Successfully!
[2026-08-21 23:30:39 IST] ================================================
[2026-08-21 23:30:39 IST] For more details, check the log file: /c/Users/2320404/OneDrive - Cognizant/documents/github/data_engineer/codes/shell_scripts/logs/part_2/part_2_20260821_233000.log
