[2026-08-29 11:42:35 IST] ================================================
[2026-08-29 11:42:36 IST] Part 2 Deployment Script Started
[2026-08-29 11:42:36 IST] ================================================
[2026-08-29 11:42:37 IST] Step 1: Checking user authorization...
[2026-08-29 11:42:37 IST] SUCCESS: User CTS+2320404 is authorized!
[2026-08-29 11:42:38 IST] Step 2: Checking source directory...
[2026-08-29 11:42:38 IST] SUCCESS: Source directory exists: /c/Users/2320404/OneDrive - Cognizant/documents/github/data_engineer/codes/shell_scripts/source
[2026-08-29 11:42:39 IST] Step 3: Checking target directory...
[2026-08-29 11:42:39 IST] SUCCESS: Target directory exists: /c/Users/2320404/OneDrive - Cognizant/documents/github/data_engineer/codes/shell_scripts/target
[2026-08-29 11:42:39 IST] Step 4: Starting File 2 operation...
[2026-08-29 11:42:40 IST] ------------------------------------------------
[2026-08-29 11:42:40 IST] Processing File 2: sample_file_2.day
[2026-08-29 11:42:40 IST] ------------------------------------------------
[2026-08-29 11:42:41 IST] Checking source file 2...
[2026-08-29 11:42:41 IST] SUCCESS: sample_file_2.day file found!
[2026-08-29 11:42:41 IST] SUCCESS: Source sample_file_2.day file 2 found!
[2026-08-29 11:42:42 IST] Checking target file 2...
[2026-08-29 11:42:42 IST] SUCCESS: sample_file_2.day file found!
[2026-08-29 11:42:42 IST] SUCCESS: Target sample_file_2.day file 2 found!
[2026-08-29 11:42:43 IST] Removing sample_file_2.day file 2...
[2026-08-29 11:42:43 IST] Proceeding to remove sample_file_2.day file...
[2026-08-29 11:42:44 IST] SUCCESS: sample_file_2.day file removed!
[2026-08-29 11:42:44 IST] Copying sample_file_2.day file to target...
[2026-08-29 11:42:45 IST] SUCCESS: sample_file_2.day copied successfully!
[2026-08-29 11:42:46 IST] From: /c/Users/2320404/OneDrive - Cognizant/documents/github/data_engineer/codes/shell_scripts/source/sample_file_2.day
[2026-08-29 11:42:46 IST] To:   /c/Users/2320404/OneDrive - Cognizant/documents/github/data_engineer/codes/shell_scripts/target/sample_file_2.day
[2026-08-29 11:42:46 IST] Verifying file sample_file_2.day placement...
[2026-08-29 11:42:47 IST] SUCCESS: sample_file_2.day File verified successfully after copy!
-rw-r--r-- 1 CTS+2320404 4096 0 Aug 29 11:42 /c/Users/2320404/OneDrive - Cognizant/documents/github/data_engineer/codes/shell_scripts/target/sample_file_2.day
[2026-08-29 11:42:48 IST] .....
[2026-08-29 11:42:48 IST] Step 5: Starting File 3 operation...
[2026-08-29 11:42:48 IST] ------------------------------------------------
[2026-08-29 11:42:49 IST] Processing File 3: sample_file_3.day
[2026-08-29 11:42:49 IST] ------------------------------------------------
[2026-08-29 11:42:49 IST] Checking source file 3...
[2026-08-29 11:42:50 IST] SUCCESS: sample_file_3.day file found!
[2026-08-29 11:42:50 IST] SUCCESS: Source sample_file_3.day file 3 found!
[2026-08-29 11:42:50 IST] Checking target file 3...
[2026-08-29 11:42:51 IST] SUCCESS: sample_file_3.day file found!
[2026-08-29 11:42:51 IST] SUCCESS: Target sample_file_3.day file 3 found!
[2026-08-29 11:42:51 IST] Removing sample_file_3.day file 3...
[2026-08-29 11:42:52 IST] Proceeding to remove sample_file_3.day file...
[2026-08-29 11:42:52 IST] SUCCESS: sample_file_3.day file removed!
[2026-08-29 11:42:53 IST] Copying sample_file_3.day file to target...
[2026-08-29 11:42:54 IST] SUCCESS: sample_file_3.day copied successfully!
[2026-08-29 11:42:54 IST] From: /c/Users/2320404/OneDrive - Cognizant/documents/github/data_engineer/codes/shell_scripts/source/sample_file_3.day
[2026-08-29 11:42:54 IST] To:   /c/Users/2320404/OneDrive - Cognizant/documents/github/data_engineer/codes/shell_scripts/target/sample_file_3.day
[2026-08-29 11:42:55 IST] Verifying file sample_file_3.day placement...
[2026-08-29 11:42:55 IST] SUCCESS: sample_file_3.day File verified successfully after copy!
-rw-r--r-- 1 CTS+2320404 4096 0 Aug 29 11:42 /c/Users/2320404/OneDrive - Cognizant/documents/github/data_engineer/codes/shell_scripts/target/sample_file_3.day
[2026-08-29 11:42:56 IST] Step 6: Final verification of all files...
[2026-08-29 11:42:56 IST] .....
[2026-08-29 11:42:57 IST] SUCCESS: All files verified Successfully!
total 0
-rw-r--r-- 1 CTS+2320404 4096 0 Aug 29 11:41 sample_file_1.day
-rw-r--r-- 1 CTS+2320404 4096 0 Aug 29 11:42 sample_file_2.day
-rw-r--r-- 1 CTS+2320404 4096 0 Aug 29 11:42 sample_file_3.day
[2026-08-29 11:42:58 IST] ================================================
[2026-08-29 11:42:58 IST] Part 2 Deployment Completed Successfully!
[2026-08-29 11:42:59 IST] ================================================
[2026-08-29 11:42:59 IST] For more details, check the log file: /c/Users/2320404/OneDrive - Cognizant/documents/github/data_engineer/codes/shell_scripts/logs/part_2/part_2_20260829_114235.log
