[2026-08-16 21:14:59] ================================================
[2026-08-16 21:15:00] Part 2 Deployment Script Started
[2026-08-16 21:15:00] ================================================
[2026-08-16 21:15:00] Step 1: Checking user authorization...
[2026-08-16 21:15:01] SUCCESS: User CTS+2320404 is authorized!
[2026-08-16 21:15:02] Step 2: Checking source directory...
[2026-08-16 21:15:02] SUCCESS: Source directory exists: /c/Users/2320404/OneDrive - Cognizant/documents/github/data_engineer/codes/shell_scripts/source
[2026-08-16 21:15:02] Step 3: Checking target directory...
[2026-08-16 21:15:03] SUCCESS: Target directory exists: /c/Users/2320404/OneDrive - Cognizant/documents/github/data_engineer/codes/shell_scripts/target
[2026-08-16 21:15:03] Step 4: Starting File 2 operation...
[2026-08-16 21:15:04] ------------------------------------------------
[2026-08-16 21:15:04] Processing File 2: sample_file_2.day
[2026-08-16 21:15:05] ------------------------------------------------
[2026-08-16 21:15:05] Checking source file 2...
[2026-08-16 21:15:05] SUCCESS: Source file 2 found!
[2026-08-16 21:15:06] Checking target file 2...
[2026-08-16 21:15:06] SUCCESS: Target file 2 found!
[2026-08-16 21:15:06] Removing target file 2...
[2026-08-16 21:15:07] SUCCESS: Target file 2 removed!
[2026-08-16 21:15:08] Copying file 2 to target...
[2026-08-16 21:15:08] SUCCESS: File 2 copied successfully!
[2026-08-16 21:15:09] From: /c/Users/2320404/OneDrive - Cognizant/documents/github/data_engineer/codes/shell_scripts/source/sample_file_2.day
[2026-08-16 21:15:09] To:   /c/Users/2320404/OneDrive - Cognizant/documents/github/data_engineer/codes/shell_scripts/target/sample_file_2.day
[2026-08-16 21:15:09] Verifying file 2 placement...
[2026-08-16 21:15:10] SUCCESS: File 2 verified!
-rw-r--r-- 1 CTS+2320404 4096 0 Aug 16 21:15 /c/Users/2320404/OneDrive - Cognizant/documents/github/data_engineer/codes/shell_scripts/target/sample_file_2.day
[2026-08-16 21:15:10] Step 5: Starting File 3 operation...
[2026-08-16 21:15:11] ------------------------------------------------
[2026-08-16 21:15:11] Processing File 3: sample_file_3.day
[2026-08-16 21:15:12] ------------------------------------------------
[2026-08-16 21:15:12] Checking source file 3...
[2026-08-16 21:15:12] SUCCESS: Source file 3 found!
[2026-08-16 21:15:13] Checking target file 3...
[2026-08-16 21:15:13] SUCCESS: Target file 3 found!
[2026-08-16 21:15:14] Removing target file 3...
[2026-08-16 21:15:14] SUCCESS: Target file 3 removed!
[2026-08-16 21:15:15] Copying file 3 to target...
[2026-08-16 21:15:15] SUCCESS: File 3 copied successfully!
[2026-08-16 21:15:16] From: /c/Users/2320404/OneDrive - Cognizant/documents/github/data_engineer/codes/shell_scripts/source/sample_file_3.day
[2026-08-16 21:15:16] To:   /c/Users/2320404/OneDrive - Cognizant/documents/github/data_engineer/codes/shell_scripts/target/sample_file_3.day
[2026-08-16 21:15:17] Verifying file 3 placement...
[2026-08-16 21:15:17] SUCCESS: File 3 verified!
-rw-r--r-- 1 CTS+2320404 4096 0 Aug 16 21:15 /c/Users/2320404/OneDrive - Cognizant/documents/github/data_engineer/codes/shell_scripts/target/sample_file_3.day
[2026-08-16 21:15:18] Step 6: Final verification of all files...
[2026-08-16 21:15:18] SUCCESS: All files verified in target!
total 0
-rw-r--r-- 1 CTS+2320404 4096 0 Aug 16 20:09 sample_file_1.day
-rw-r--r-- 1 CTS+2320404 4096 0 Aug 16 21:15 sample_file_2.day
-rw-r--r-- 1 CTS+2320404 4096 0 Aug 16 21:15 sample_file_3.day
[2026-08-16 21:15:19] ================================================
[2026-08-16 21:15:19] Part 2 Deployment Completed Successfully!
[2026-08-16 21:15:20] ================================================
