[2026-08-19 18:21:54 IST] ================================================
[2026-08-19 18:21:54 IST] Part 2 Deployment Script Started
[2026-08-19 18:21:55 IST] ================================================
[2026-08-19 18:21:55 IST] Step 1: Checking user authorization...
[2026-08-19 18:21:56 IST] SUCCESS: User CTS+2320404 is authorized!
[2026-08-19 18:21:57 IST] Step 2: Checking source directory...
[2026-08-19 18:21:58 IST] SUCCESS: Source directory exists: /c/Users/2320404/OneDrive - Cognizant/documents/github/data_engineer/codes/shell_scripts/source
[2026-08-19 18:21:58 IST] Step 3: Checking target directory...
[2026-08-19 18:21:59 IST] SUCCESS: Target directory exists: /c/Users/2320404/OneDrive - Cognizant/documents/github/data_engineer/codes/shell_scripts/target
[2026-08-19 18:21:59 IST] Step 4: Starting File 2 operation...
[2026-08-19 18:22:00 IST] ------------------------------------------------
[2026-08-19 18:22:01 IST] Processing File 2: sample_file_2.day
[2026-08-19 18:22:01 IST] ------------------------------------------------
[2026-08-19 18:22:02 IST] Checking source file 2...
[2026-08-19 18:22:02 IST] SUCCESS: sample_file_2.day file found!
[2026-08-19 18:22:03 IST] SUCCESS: Source sample_file_2.day file 2 found!
[2026-08-19 18:22:04 IST] Checking target file 2...
[2026-08-19 18:22:04 IST] SUCCESS: sample_file_2.day file found!
[2026-08-19 18:22:05 IST] SUCCESS: Target sample_file_2.day file 2 found!
[2026-08-19 18:22:05 IST] Removing sample_file_2.day file 2...
[2026-08-19 18:22:06 IST] Proceeding to remove sample_file_2.day file...
[2026-08-19 18:22:07 IST] SUCCESS: sample_file_2.day file removed!
[2026-08-19 18:22:08 IST] Copying sample_file_2.day file to target...
[2026-08-19 18:22:09 IST] SUCCESS: sample_file_2.day copied successfully!
[2026-08-19 18:22:10 IST] From: /c/Users/2320404/OneDrive - Cognizant/documents/github/data_engineer/codes/shell_scripts/source/sample_file_2.day
[2026-08-19 18:22:10 IST] To:   /c/Users/2320404/OneDrive - Cognizant/documents/github/data_engineer/codes/shell_scripts/target/sample_file_2.day
[2026-08-19 18:22:11 IST] Verifying file sample_file_2.day placement...
[2026-08-19 18:22:11 IST] SUCCESS: sample_file_2.day File verified successfully after copy!
-rw-r--r-- 1 CTS+2320404 4096 0 Aug 19 18:22 /c/Users/2320404/OneDrive - Cognizant/documents/github/data_engineer/codes/shell_scripts/target/sample_file_2.day
[2026-08-19 18:22:13 IST] .....
[2026-08-19 18:22:13 IST] Step 5: Starting File 3 operation...
[2026-08-19 18:22:14 IST] ------------------------------------------------
[2026-08-19 18:22:15 IST] Processing File 3: sample_file_3.day
[2026-08-19 18:22:15 IST] ------------------------------------------------
[2026-08-19 18:22:16 IST] Checking source file 3...
[2026-08-19 18:22:17 IST] SUCCESS: sample_file_3.day file found!
[2026-08-19 18:22:17 IST] SUCCESS: Source sample_file_3.day file 3 found!
[2026-08-19 18:22:18 IST] Checking target file 3...
[2026-08-19 18:22:19 IST] SUCCESS: sample_file_3.day file found!
[2026-08-19 18:22:19 IST] SUCCESS: Target sample_file_3.day file 3 found!
[2026-08-19 18:22:20 IST] Removing sample_file_3.day file 3...
[2026-08-19 18:22:20 IST] Proceeding to remove sample_file_3.day file...
[2026-08-19 18:22:22 IST] SUCCESS: sample_file_3.day file removed!
[2026-08-19 18:22:22 IST] Copying sample_file_3.day file to target...
[2026-08-19 18:22:23 IST] SUCCESS: sample_file_3.day copied successfully!
[2026-08-19 18:22:24 IST] From: /c/Users/2320404/OneDrive - Cognizant/documents/github/data_engineer/codes/shell_scripts/source/sample_file_3.day
[2026-08-19 18:22:25 IST] To:   /c/Users/2320404/OneDrive - Cognizant/documents/github/data_engineer/codes/shell_scripts/target/sample_file_3.day
[2026-08-19 18:22:25 IST] Verifying file sample_file_3.day placement...
[2026-08-19 18:22:26 IST] SUCCESS: sample_file_3.day File verified successfully after copy!
-rw-r--r-- 1 CTS+2320404 4096 0 Aug 19 18:22 /c/Users/2320404/OneDrive - Cognizant/documents/github/data_engineer/codes/shell_scripts/target/sample_file_3.day
[2026-08-19 18:22:27 IST] Step 6: Final verification of all files...
[2026-08-19 18:22:27 IST] .....
[2026-08-19 18:22:28 IST] SUCCESS: All files verified Successfully!
total 0
-rw-r--r-- 1 CTS+2320404 4096 0 Aug 19 18:21 sample_file_1.day
-rw-r--r-- 1 CTS+2320404 4096 0 Aug 19 18:22 sample_file_2.day
-rw-r--r-- 1 CTS+2320404 4096 0 Aug 19 18:22 sample_file_3.day
[2026-08-19 18:22:29 IST] ================================================
[2026-08-19 18:22:30 IST] Part 2 Deployment Completed Successfully!
[2026-08-19 18:22:31 IST] ================================================
[2026-08-19 18:22:31 IST] For more details, check the log file: /c/Users/2320404/OneDrive - Cognizant/documents/github/data_engineer/codes/shell_scripts/logs/part_2/part_2_20260819_182152.log
