[2026-08-27 00:38:11 IST] ================================================
[2026-08-27 00:38:12 IST] Part 2 Deployment Script Started
[2026-08-27 00:38:12 IST] ================================================
[2026-08-27 00:38:13 IST] Step 1: Checking user authorization...
[2026-08-27 00:38:13 IST] SUCCESS: User CTS+2320404 is authorized!
[2026-08-27 00:38:14 IST] Step 2: Checking source directory...
[2026-08-27 00:38:14 IST] SUCCESS: Source directory exists: /c/Users/2320404/OneDrive - Cognizant/documents/github/data_engineer/codes/shell_scripts/source
[2026-08-27 00:38:14 IST] Step 3: Checking target directory...
[2026-08-27 00:38:14 IST] SUCCESS: Target directory exists: /c/Users/2320404/OneDrive - Cognizant/documents/github/data_engineer/codes/shell_scripts/target
[2026-08-27 00:38:15 IST] Step 4: Starting File 2 operation...
[2026-08-27 00:38:15 IST] ------------------------------------------------
[2026-08-27 00:38:15 IST] Processing File 2: sample_file_2.day
[2026-08-27 00:38:15 IST] ------------------------------------------------
[2026-08-27 00:38:16 IST] Checking source file 2...
[2026-08-27 00:38:16 IST] SUCCESS: sample_file_2.day file found!
[2026-08-27 00:38:16 IST] SUCCESS: Source sample_file_2.day file 2 found!
[2026-08-27 00:38:17 IST] Checking target file 2...
[2026-08-27 00:38:17 IST] SUCCESS: sample_file_2.day file found!
[2026-08-27 00:38:17 IST] SUCCESS: Target sample_file_2.day file 2 found!
[2026-08-27 00:38:18 IST] Removing sample_file_2.day file 2...
[2026-08-27 00:38:18 IST] Proceeding to remove sample_file_2.day file...
[2026-08-27 00:38:19 IST] SUCCESS: sample_file_2.day file removed!
[2026-08-27 00:38:19 IST] Copying sample_file_2.day file to target...
[2026-08-27 00:38:20 IST] SUCCESS: sample_file_2.day copied successfully!
[2026-08-27 00:38:20 IST] From: /c/Users/2320404/OneDrive - Cognizant/documents/github/data_engineer/codes/shell_scripts/source/sample_file_2.day
[2026-08-27 00:38:20 IST] To:   /c/Users/2320404/OneDrive - Cognizant/documents/github/data_engineer/codes/shell_scripts/target/sample_file_2.day
[2026-08-27 00:38:20 IST] Verifying file sample_file_2.day placement...
[2026-08-27 00:38:21 IST] SUCCESS: sample_file_2.day File verified successfully after copy!
-rw-r--r-- 1 CTS+2320404 4096 0 Aug 27 00:38 /c/Users/2320404/OneDrive - Cognizant/documents/github/data_engineer/codes/shell_scripts/target/sample_file_2.day
[2026-08-27 00:38:21 IST] .....
[2026-08-27 00:38:22 IST] Step 5: Starting File 3 operation...
[2026-08-27 00:38:22 IST] ------------------------------------------------
[2026-08-27 00:38:22 IST] Processing File 3: sample_file_3.day
[2026-08-27 00:38:23 IST] ------------------------------------------------
[2026-08-27 00:38:23 IST] Checking source file 3...
[2026-08-27 00:38:23 IST] SUCCESS: sample_file_3.day file found!
[2026-08-27 00:38:23 IST] SUCCESS: Source sample_file_3.day file 3 found!
[2026-08-27 00:38:24 IST] Checking target file 3...
[2026-08-27 00:38:24 IST] SUCCESS: sample_file_3.day file found!
[2026-08-27 00:38:24 IST] SUCCESS: Target sample_file_3.day file 3 found!
[2026-08-27 00:38:25 IST] Removing sample_file_3.day file 3...
[2026-08-27 00:38:25 IST] Proceeding to remove sample_file_3.day file...
[2026-08-27 00:38:26 IST] SUCCESS: sample_file_3.day file removed!
[2026-08-27 00:38:26 IST] Copying sample_file_3.day file to target...
[2026-08-27 00:38:27 IST] SUCCESS: sample_file_3.day copied successfully!
[2026-08-27 00:38:27 IST] From: /c/Users/2320404/OneDrive - Cognizant/documents/github/data_engineer/codes/shell_scripts/source/sample_file_3.day
[2026-08-27 00:38:27 IST] To:   /c/Users/2320404/OneDrive - Cognizant/documents/github/data_engineer/codes/shell_scripts/target/sample_file_3.day
[2026-08-27 00:38:27 IST] Verifying file sample_file_3.day placement...
[2026-08-27 00:38:28 IST] SUCCESS: sample_file_3.day File verified successfully after copy!
-rw-r--r-- 1 CTS+2320404 4096 0 Aug 27 00:38 /c/Users/2320404/OneDrive - Cognizant/documents/github/data_engineer/codes/shell_scripts/target/sample_file_3.day
[2026-08-27 00:38:28 IST] Step 6: Final verification of all files...
[2026-08-27 00:38:29 IST] .....
[2026-08-27 00:38:29 IST] SUCCESS: All files verified Successfully!
total 0
-rw-r--r-- 1 CTS+2320404 4096 0 Aug 27 00:38 sample_file_1.day
-rw-r--r-- 1 CTS+2320404 4096 0 Aug 27 00:38 sample_file_2.day
-rw-r--r-- 1 CTS+2320404 4096 0 Aug 27 00:38 sample_file_3.day
[2026-08-27 00:38:30 IST] ================================================
[2026-08-27 00:38:30 IST] Part 2 Deployment Completed Successfully!
[2026-08-27 00:38:31 IST] ================================================
[2026-08-27 00:38:31 IST] For more details, check the log file: /c/Users/2320404/OneDrive - Cognizant/documents/github/data_engineer/codes/shell_scripts/logs/part_2/part_2_20260827_003811.log
