[2026-08-18 00:28:35 IST] ================================================
[2026-08-18 00:28:36 IST] Part 2 Deployment Script Started
[2026-08-18 00:28:36 IST] ================================================
[2026-08-18 00:28:36 IST] Step 1: Checking user authorization...
[2026-08-18 00:28:37 IST] SUCCESS: User CTS+2320404 is authorized!
[2026-08-18 00:28:38 IST] Step 2: Checking source directory...
[2026-08-18 00:28:38 IST] SUCCESS: Source directory exists: /c/Users/2320404/OneDrive - Cognizant/documents/github/data_engineer/codes/shell_scripts/source
[2026-08-18 00:28:38 IST] Step 3: Checking target directory...
[2026-08-18 00:28:39 IST] SUCCESS: Target directory exists: /c/Users/2320404/OneDrive - Cognizant/documents/github/data_engineer/codes/shell_scripts/target
[2026-08-18 00:28:39 IST] Step 4: Starting File 2 operation...
[2026-08-18 00:28:39 IST] ------------------------------------------------
[2026-08-18 00:28:40 IST] Processing File 2: sample_file_2.day
[2026-08-18 00:28:40 IST] ------------------------------------------------
[2026-08-18 00:28:41 IST] Checking source file 2...
[2026-08-18 00:28:41 IST] SUCCESS: sample_file_2.day file found!
[2026-08-18 00:28:41 IST] SUCCESS: Source sample_file_2.day file 2 found!
[2026-08-18 00:28:42 IST] Checking target file 2...
[2026-08-18 00:28:42 IST] SUCCESS: sample_file_2.day file found!
[2026-08-18 00:28:42 IST] SUCCESS: Target sample_file_2.day file 2 found!
[2026-08-18 00:28:43 IST] Removing sample_file_2.day file 2...
[2026-08-18 00:28:43 IST] Proceeding to remove sample_file_2.day file...
[2026-08-18 00:28:44 IST] SUCCESS: sample_file_2.day file removed!
[2026-08-18 00:28:44 IST] Copying sample_file_2.day file to target...
[2026-08-18 00:28:45 IST] SUCCESS: sample_file_2.day copied successfully!
[2026-08-18 00:28:46 IST] From: /c/Users/2320404/OneDrive - Cognizant/documents/github/data_engineer/codes/shell_scripts/source/sample_file_2.day
[2026-08-18 00:28:46 IST] To:   /c/Users/2320404/OneDrive - Cognizant/documents/github/data_engineer/codes/shell_scripts/target/sample_file_2.day
[2026-08-18 00:28:46 IST] Verifying file sample_file_2.day placement...
[2026-08-18 00:28:47 IST] SUCCESS: sample_file_2.day File verified successfully after copy!
-rw-r--r-- 1 CTS+2320404 4096 0 Aug 18 00:28 /c/Users/2320404/OneDrive - Cognizant/documents/github/data_engineer/codes/shell_scripts/target/sample_file_2.day
[2026-08-18 00:28:48 IST] .....
[2026-08-18 00:28:48 IST] Step 5: Starting File 3 operation...
[2026-08-18 00:28:48 IST] ------------------------------------------------
[2026-08-18 00:28:49 IST] Processing File 3: sample_file_3.day
[2026-08-18 00:28:49 IST] ------------------------------------------------
[2026-08-18 00:28:49 IST] Checking source file 3...
[2026-08-18 00:28:50 IST] SUCCESS: sample_file_3.day file found!
[2026-08-18 00:28:50 IST] SUCCESS: Source sample_file_3.day file 3 found!
[2026-08-18 00:28:51 IST] Checking target file 3...
[2026-08-18 00:28:51 IST] SUCCESS: sample_file_3.day file found!
[2026-08-18 00:28:51 IST] SUCCESS: Target sample_file_3.day file 3 found!
[2026-08-18 00:28:52 IST] Removing sample_file_3.day file 3...
[2026-08-18 00:28:52 IST] Proceeding to remove sample_file_3.day file...
[2026-08-18 00:28:53 IST] SUCCESS: sample_file_3.day file removed!
[2026-08-18 00:28:53 IST] Copying sample_file_3.day file to target...
[2026-08-18 00:28:54 IST] SUCCESS: sample_file_3.day copied successfully!
[2026-08-18 00:28:55 IST] From: /c/Users/2320404/OneDrive - Cognizant/documents/github/data_engineer/codes/shell_scripts/source/sample_file_3.day
[2026-08-18 00:28:55 IST] To:   /c/Users/2320404/OneDrive - Cognizant/documents/github/data_engineer/codes/shell_scripts/target/sample_file_3.day
[2026-08-18 00:28:55 IST] Verifying file sample_file_3.day placement...
[2026-08-18 00:28:56 IST] SUCCESS: sample_file_3.day File verified successfully after copy!
-rw-r--r-- 1 CTS+2320404 4096 0 Aug 18 00:28 /c/Users/2320404/OneDrive - Cognizant/documents/github/data_engineer/codes/shell_scripts/target/sample_file_3.day
[2026-08-18 00:28:56 IST] Step 6: Final verification of all files...
[2026-08-18 00:28:57 IST] .....
[2026-08-18 00:28:57 IST] SUCCESS: All files verified Successfully!
total 0
-rw-r--r-- 1 CTS+2320404 4096 0 Aug 18 00:25 sample_file_1.day
-rw-r--r-- 1 CTS+2320404 4096 0 Aug 18 00:28 sample_file_2.day
-rw-r--r-- 1 CTS+2320404 4096 0 Aug 18 00:28 sample_file_3.day
[2026-08-18 00:28:58 IST] ================================================
[2026-08-18 00:28:59 IST] Part 2 Deployment Completed Successfully!
[2026-08-18 00:28:59 IST] ================================================
[2026-08-18 00:28:59 IST] For more details, check the log file: /c/Users/2320404/OneDrive - Cognizant/documents/github/data_engineer/codes/shell_scripts/logs/part_2/part_2_20260818_002834.log
