[2026-08-19 18:27:06 IST] ================================================
[2026-08-19 18:27:07 IST] Part 2 Deployment Script Started
[2026-08-19 18:27:07 IST] ================================================
[2026-08-19 18:27:07 IST] Step 1: Checking user authorization...
[2026-08-19 18:27:08 IST] SUCCESS: User CTS+2320404 is authorized!
[2026-08-19 18:27:08 IST] Step 2: Checking source directory...
[2026-08-19 18:27:09 IST] SUCCESS: Source directory exists: /c/Users/2320404/OneDrive - Cognizant/documents/github/data_engineer/codes/shell_scripts/source
[2026-08-19 18:27:09 IST] Step 3: Checking target directory...
[2026-08-19 18:27:09 IST] SUCCESS: Target directory exists: /c/Users/2320404/OneDrive - Cognizant/documents/github/data_engineer/codes/shell_scripts/target
[2026-08-19 18:27:10 IST] Step 4: Starting File 2 operation...
[2026-08-19 18:27:10 IST] ------------------------------------------------
[2026-08-19 18:27:10 IST] Processing File 2: sample_file_2.day
[2026-08-19 18:27:11 IST] ------------------------------------------------
[2026-08-19 18:27:11 IST] Checking source file 2...
[2026-08-19 18:27:11 IST] SUCCESS: sample_file_2.day file found!
[2026-08-19 18:27:12 IST] SUCCESS: Source sample_file_2.day file 2 found!
[2026-08-19 18:27:12 IST] Checking target file 2...
[2026-08-19 18:27:12 IST] SUCCESS: sample_file_2.day file found!
[2026-08-19 18:27:12 IST] SUCCESS: Target sample_file_2.day file 2 found!
[2026-08-19 18:27:13 IST] Removing sample_file_2.day file 2...
[2026-08-19 18:27:13 IST] Proceeding to remove sample_file_2.day file...
[2026-08-19 18:27:14 IST] SUCCESS: sample_file_2.day file removed!
[2026-08-19 18:27:14 IST] Copying sample_file_2.day file to target...
[2026-08-19 18:27:15 IST] SUCCESS: sample_file_2.day copied successfully!
[2026-08-19 18:27:15 IST] From: /c/Users/2320404/OneDrive - Cognizant/documents/github/data_engineer/codes/shell_scripts/source/sample_file_2.day
[2026-08-19 18:27:16 IST] To:   /c/Users/2320404/OneDrive - Cognizant/documents/github/data_engineer/codes/shell_scripts/target/sample_file_2.day
[2026-08-19 18:27:16 IST] Verifying file sample_file_2.day placement...
[2026-08-19 18:27:16 IST] SUCCESS: sample_file_2.day File verified successfully after copy!
-rw-r--r-- 1 CTS+2320404 4096 0 Aug 19 18:27 /c/Users/2320404/OneDrive - Cognizant/documents/github/data_engineer/codes/shell_scripts/target/sample_file_2.day
[2026-08-19 18:27:17 IST] .....
[2026-08-19 18:27:18 IST] Step 5: Starting File 3 operation...
[2026-08-19 18:27:18 IST] ------------------------------------------------
[2026-08-19 18:27:18 IST] Processing File 3: sample_file_3.day
[2026-08-19 18:27:19 IST] ------------------------------------------------
[2026-08-19 18:27:19 IST] Checking source file 3...
[2026-08-19 18:27:19 IST] SUCCESS: sample_file_3.day file found!
[2026-08-19 18:27:20 IST] SUCCESS: Source sample_file_3.day file 3 found!
[2026-08-19 18:27:20 IST] Checking target file 3...
[2026-08-19 18:27:20 IST] SUCCESS: sample_file_3.day file found!
[2026-08-19 18:27:20 IST] SUCCESS: Target sample_file_3.day file 3 found!
[2026-08-19 18:27:21 IST] Removing sample_file_3.day file 3...
[2026-08-19 18:27:21 IST] Proceeding to remove sample_file_3.day file...
[2026-08-19 18:27:22 IST] SUCCESS: sample_file_3.day file removed!
[2026-08-19 18:27:22 IST] Copying sample_file_3.day file to target...
[2026-08-19 18:27:23 IST] SUCCESS: sample_file_3.day copied successfully!
[2026-08-19 18:27:23 IST] From: /c/Users/2320404/OneDrive - Cognizant/documents/github/data_engineer/codes/shell_scripts/source/sample_file_3.day
[2026-08-19 18:27:24 IST] To:   /c/Users/2320404/OneDrive - Cognizant/documents/github/data_engineer/codes/shell_scripts/target/sample_file_3.day
[2026-08-19 18:27:24 IST] Verifying file sample_file_3.day placement...
[2026-08-19 18:27:24 IST] SUCCESS: sample_file_3.day File verified successfully after copy!
-rw-r--r-- 1 CTS+2320404 4096 0 Aug 19 18:27 /c/Users/2320404/OneDrive - Cognizant/documents/github/data_engineer/codes/shell_scripts/target/sample_file_3.day
[2026-08-19 18:27:25 IST] Step 6: Final verification of all files...
[2026-08-19 18:27:25 IST] .....
[2026-08-19 18:27:26 IST] SUCCESS: All files verified Successfully!
total 0
-rw-r--r-- 1 CTS+2320404 4096 0 Aug 19 18:26 sample_file_1.day
-rw-r--r-- 1 CTS+2320404 4096 0 Aug 19 18:27 sample_file_2.day
-rw-r--r-- 1 CTS+2320404 4096 0 Aug 19 18:27 sample_file_3.day
[2026-08-19 18:27:27 IST] ================================================
[2026-08-19 18:27:27 IST] Part 2 Deployment Completed Successfully!
[2026-08-19 18:27:27 IST] ================================================
[2026-08-19 18:27:28 IST] For more details, check the log file: /c/Users/2320404/OneDrive - Cognizant/documents/github/data_engineer/codes/shell_scripts/logs/part_2/part_2_20260819_182705.log
