[2026-08-16 20:17:36] ================================================
[2026-08-16 20:17:37] Part 2 Deployment Script Started
[2026-08-16 20:17:37] ================================================
[2026-08-16 20:17:38] Step 1: Checking user authorization...
[2026-08-16 20:17:38] SUCCESS: User CTS+2320404 is authorized!
[2026-08-16 20:17:39] Step 2: Checking source directory...
[2026-08-16 20:17:39] SUCCESS: Source directory exists: /c/Users/2320404/OneDrive - Cognizant/documents/github/data_engineer/codes/shell_scripts/source
[2026-08-16 20:17:40] Step 3: Checking target directory...
[2026-08-16 20:17:40] SUCCESS: Target directory exists: /c/Users/2320404/OneDrive - Cognizant/documents/github/data_engineer/codes/shell_scripts/target
[2026-08-16 20:17:41] Step 4: Starting File 2 operation...
[2026-08-16 20:17:41] ------------------------------------------------
[2026-08-16 20:17:42] Processing File 2: sample_file_2.day
[2026-08-16 20:17:42] ------------------------------------------------
[2026-08-16 20:17:42] Checking source file 2...
[2026-08-16 20:17:43] SUCCESS: Source file 2 found!
[2026-08-16 20:17:43] Checking target file 2...
[2026-08-16 20:17:44] WARNING: Target file 2 not found!
[2026-08-16 20:17:44] Proceeding with copy...
[2026-08-16 20:17:45] Copying file 2 to target...
[2026-08-16 20:17:45] SUCCESS: File 2 copied successfully!
[2026-08-16 20:17:46] From: /c/Users/2320404/OneDrive - Cognizant/documents/github/data_engineer/codes/shell_scripts/source/sample_file_2.day
[2026-08-16 20:17:46] To:   /c/Users/2320404/OneDrive - Cognizant/documents/github/data_engineer/codes/shell_scripts/target/sample_file_2.day
[2026-08-16 20:17:47] Verifying file 2 placement...
[2026-08-16 20:17:47] SUCCESS: File 2 verified!
-rw-r--r-- 1 CTS+2320404 4096 0 Aug 16 20:17 /c/Users/2320404/OneDrive - Cognizant/documents/github/data_engineer/codes/shell_scripts/target/sample_file_2.day
[2026-08-16 20:17:48] Step 5: Starting File 3 operation...
[2026-08-16 20:17:48] ------------------------------------------------
[2026-08-16 20:17:49] Processing File 3: sample_file_3.day
[2026-08-16 20:17:49] ------------------------------------------------
[2026-08-16 20:17:50] Checking source file 3...
[2026-08-16 20:17:50] SUCCESS: Source file 3 found!
[2026-08-16 20:17:50] Checking target file 3...
[2026-08-16 20:17:51] WARNING: Target file 3 not found!
[2026-08-16 20:17:51] Proceeding with copy...
[2026-08-16 20:17:52] Copying file 3 to target...
[2026-08-16 20:17:53] SUCCESS: File 3 copied successfully!
[2026-08-16 20:17:53] From: /c/Users/2320404/OneDrive - Cognizant/documents/github/data_engineer/codes/shell_scripts/source/sample_file_3.day
[2026-08-16 20:17:53] To:   /c/Users/2320404/OneDrive - Cognizant/documents/github/data_engineer/codes/shell_scripts/target/sample_file_3.day
[2026-08-16 20:17:54] Verifying file 3 placement...
[2026-08-16 20:17:54] SUCCESS: File 3 verified!
-rw-r--r-- 1 CTS+2320404 4096 0 Aug 16 20:17 /c/Users/2320404/OneDrive - Cognizant/documents/github/data_engineer/codes/shell_scripts/target/sample_file_3.day
[2026-08-16 20:17:55] Step 6: Final verification of all files...
[2026-08-16 20:17:56] SUCCESS: All files verified in target!
total 0
-rw-r--r-- 1 CTS+2320404 4096 0 Aug 16 20:09 sample_file_1.day
-rw-r--r-- 1 CTS+2320404 4096 0 Aug 16 20:17 sample_file_2.day
-rw-r--r-- 1 CTS+2320404 4096 0 Aug 16 20:17 sample_file_3.day
[2026-08-16 20:17:57] ================================================
[2026-08-16 20:17:57] Part 2 Deployment Completed Successfully!
[2026-08-16 20:17:58] ================================================
