[2026-08-19 18:20:38 IST] ================================================
[2026-08-19 18:20:39 IST] Part 2 Deployment Script Started
[2026-08-19 18:20:40 IST] ================================================
[2026-08-19 18:20:40 IST] Step 1: Checking user authorization...
[2026-08-19 18:20:41 IST] SUCCESS: User CTS+2320404 is authorized!
[2026-08-19 18:20:42 IST] Step 2: Checking source directory...
[2026-08-19 18:20:42 IST] SUCCESS: Source directory exists: /c/Users/2320404/OneDrive - Cognizant/documents/github/data_engineer/codes/shell_scripts/source
[2026-08-19 18:20:43 IST] Step 3: Checking target directory...
[2026-08-19 18:20:43 IST] SUCCESS: Target directory exists: /c/Users/2320404/OneDrive - Cognizant/documents/github/data_engineer/codes/shell_scripts/target
[2026-08-19 18:20:44 IST] Step 4: Starting File 2 operation...
[2026-08-19 18:20:44 IST] ------------------------------------------------
[2026-08-19 18:20:45 IST] Processing File 2: sample_file_2.day
[2026-08-19 18:20:45 IST] ------------------------------------------------
[2026-08-19 18:20:46 IST] Checking source file 2...
[2026-08-19 18:20:46 IST] SUCCESS: sample_file_2.day file found!
[2026-08-19 18:20:47 IST] SUCCESS: Source sample_file_2.day file 2 found!
[2026-08-19 18:20:48 IST] Checking target file 2...
[2026-08-19 18:20:48 IST] SUCCESS: sample_file_2.day file found!
[2026-08-19 18:20:49 IST] SUCCESS: Target sample_file_2.day file 2 found!
[2026-08-19 18:20:49 IST] Removing sample_file_2.day file 2...
[2026-08-19 18:20:50 IST] Proceeding to remove sample_file_2.day file...
[2026-08-19 18:20:51 IST] SUCCESS: sample_file_2.day file removed!
[2026-08-19 18:20:52 IST] Copying sample_file_2.day file to target...
[2026-08-19 18:20:53 IST] SUCCESS: sample_file_2.day copied successfully!
[2026-08-19 18:20:54 IST] From: /c/Users/2320404/OneDrive - Cognizant/documents/github/data_engineer/codes/shell_scripts/source/sample_file_2.day
[2026-08-19 18:20:54 IST] To:   /c/Users/2320404/OneDrive - Cognizant/documents/github/data_engineer/codes/shell_scripts/target/sample_file_2.day
[2026-08-19 18:20:55 IST] Verifying file sample_file_2.day placement...
[2026-08-19 18:20:56 IST] SUCCESS: sample_file_2.day File verified successfully after copy!
-rw-r--r-- 1 CTS+2320404 4096 0 Aug 19 18:20 /c/Users/2320404/OneDrive - Cognizant/documents/github/data_engineer/codes/shell_scripts/target/sample_file_2.day
[2026-08-19 18:20:57 IST] .....
[2026-08-19 18:20:58 IST] Step 5: Starting File 3 operation...
[2026-08-19 18:20:58 IST] ------------------------------------------------
[2026-08-19 18:20:59 IST] Processing File 3: sample_file_3.day
[2026-08-19 18:20:59 IST] ------------------------------------------------
[2026-08-19 18:21:00 IST] Checking source file 3...
[2026-08-19 18:21:00 IST] SUCCESS: sample_file_3.day file found!
[2026-08-19 18:21:01 IST] SUCCESS: Source sample_file_3.day file 3 found!
[2026-08-19 18:21:01 IST] Checking target file 3...
[2026-08-19 18:21:02 IST] SUCCESS: sample_file_3.day file found!
[2026-08-19 18:21:02 IST] SUCCESS: Target sample_file_3.day file 3 found!
[2026-08-19 18:21:03 IST] Removing sample_file_3.day file 3...
[2026-08-19 18:21:04 IST] Proceeding to remove sample_file_3.day file...
[2026-08-19 18:21:05 IST] SUCCESS: sample_file_3.day file removed!
[2026-08-19 18:21:06 IST] Copying sample_file_3.day file to target...
[2026-08-19 18:21:07 IST] SUCCESS: sample_file_3.day copied successfully!
[2026-08-19 18:21:07 IST] From: /c/Users/2320404/OneDrive - Cognizant/documents/github/data_engineer/codes/shell_scripts/source/sample_file_3.day
[2026-08-19 18:21:08 IST] To:   /c/Users/2320404/OneDrive - Cognizant/documents/github/data_engineer/codes/shell_scripts/target/sample_file_3.day
[2026-08-19 18:21:08 IST] Verifying file sample_file_3.day placement...
[2026-08-19 18:21:09 IST] SUCCESS: sample_file_3.day File verified successfully after copy!
-rw-r--r-- 1 CTS+2320404 4096 0 Aug 19 18:21 /c/Users/2320404/OneDrive - Cognizant/documents/github/data_engineer/codes/shell_scripts/target/sample_file_3.day
[2026-08-19 18:21:11 IST] Step 6: Final verification of all files...
[2026-08-19 18:21:12 IST] .....
[2026-08-19 18:21:12 IST] SUCCESS: All files verified Successfully!
total 0
-rw-r--r-- 1 CTS+2320404 4096 0 Aug 19 18:20 sample_file_1.day
-rw-r--r-- 1 CTS+2320404 4096 0 Aug 19 18:20 sample_file_2.day
-rw-r--r-- 1 CTS+2320404 4096 0 Aug 19 18:21 sample_file_3.day
[2026-08-19 18:21:15 IST] ================================================
[2026-08-19 18:21:16 IST] Part 2 Deployment Completed Successfully!
[2026-08-19 18:21:16 IST] ================================================
[2026-08-19 18:21:17 IST] For more details, check the log file: /c/Users/2320404/OneDrive - Cognizant/documents/github/data_engineer/codes/shell_scripts/logs/part_2/part_2_20260819_182037.log
