[2026-08-19 23:56:08 IST] ================================================
[2026-08-19 23:56:09 IST] Part 1 Deployment Script Started
[2026-08-19 23:56:09 IST] ================================================
[2026-08-19 23:56:10 IST] Step 1: Checking user authorization...
[2026-08-19 23:56:10 IST] SUCCESS: User CTS+2320404 is authorized to proceed!
[2026-08-19 23:56:11 IST] Step 2: Checking source directory...
[2026-08-19 23:56:11 IST] SUCCESS: Source directory exists: /c/Users/2320404/OneDrive - Cognizant/documents/github/data_engineer/codes/shell_scripts/source
[2026-08-19 23:56:11 IST] Step 3: Checking source file...
[2026-08-19 23:56:12 IST] SUCCESS: Source file exists: /c/Users/2320404/OneDrive - Cognizant/documents/github/data_engineer/codes/shell_scripts/source/sample_file_1.day
[2026-08-19 23:56:12 IST] SUCCESS: sample_file_1.day file Found!
[2026-08-19 23:56:12 IST] Step 4: Checking target directory...
[2026-08-19 23:56:13 IST] SUCCESS: Target directory exists: /c/Users/2320404/OneDrive - Cognizant/documents/github/data_engineer/codes/shell_scripts/target
[2026-08-19 23:56:13 IST] Step 5: Checking target file before removal...
[2026-08-19 23:56:13 IST] SUCCESS: Target file found: /c/Users/2320404/OneDrive - Cognizant/documents/github/data_engineer/codes/shell_scripts/target/sample_file_1.day
[2026-08-19 23:56:14 IST] Proceeding to remove sample_file_1.day file...
[2026-08-19 23:56:14 IST] SUCCESS: sample_file_1.day file removed successfully!
[2026-08-19 23:56:15 IST] Step 6: Copying file from source to target...
[2026-08-19 23:56:16 IST] SUCCESS: sample_file_1.day File copied successfully!
[2026-08-19 23:56:16 IST] From: /c/Users/2320404/OneDrive - Cognizant/documents/github/data_engineer/codes/shell_scripts/source/sample_file_1.day
[2026-08-19 23:56:17 IST] To:   /c/Users/2320404/OneDrive - Cognizant/documents/github/data_engineer/codes/shell_scripts/target/sample_file_1.day
[2026-08-19 23:56:17 IST] Step 7: Verifying file placement...
[2026-08-19 23:56:18 IST] SUCCESS: sample_file_1.day File verified successfully after copy!
[2026-08-19 23:56:18 IST] SUCCESS: sample_file_1.day File verified in /c/Users/2320404/OneDrive - Cognizant/documents/github/data_engineer/codes/shell_scripts/target location!
[2026-08-19 23:56:18 IST] File: /c/Users/2320404/OneDrive - Cognizant/documents/github/data_engineer/codes/shell_scripts/target/sample_file_1.day
-rw-r--r-- 1 CTS+2320404 4096 0 Aug 19 23:56 /c/Users/2320404/OneDrive - Cognizant/documents/github/data_engineer/codes/shell_scripts/target/sample_file_1.day
[2026-08-19 23:56:19 IST] ================================================
[2026-08-19 23:56:20 IST] Part 1 Deployment Completed Successfully!
[2026-08-19 23:56:20 IST] ================================================
[2026-08-19 23:56:20 IST] For more details, check the log file: /c/Users/2320404/OneDrive - Cognizant/documents/github/data_engineer/codes/shell_scripts/logs/part_1/part_1_20260819_235608.log
