[2026-08-16 12:35:09] ================================================
[2026-08-16 12:35:09] Part 1 Deployment Script Started
[2026-08-16 12:35:10] ================================================
[2026-08-16 12:35:10] Step 1: Checking user authorization...
[2026-08-16 12:35:11] SUCCESS: User CTS+2320404 is authorized to proceed!
[2026-08-16 12:35:11] Step 2: Checking source directory...
[2026-08-16 12:35:11] SUCCESS: Source directory exists: /c/Users/2320404/OneDrive - Cognizant/documents/github/data_engineer/codes/shell_scripts//source
[2026-08-16 12:35:12] Step 3: Checking source file...
[2026-08-16 12:35:12] SUCCESS: Source file exists: /c/Users/2320404/OneDrive - Cognizant/documents/github/data_engineer/codes/shell_scripts//source/sample_file_1.day
[2026-08-16 12:35:13] Step 4: Checking target directory...
[2026-08-16 12:35:13] SUCCESS: Target directory exists: /c/Users/2320404/OneDrive - Cognizant/documents/github/data_engineer/codes/shell_scripts//target
[2026-08-16 12:35:13] Step 5: Checking target file before removal...
[2026-08-16 12:35:14] SUCCESS: Target file found: /c/Users/2320404/OneDrive - Cognizant/documents/github/data_engineer/codes/shell_scripts//target/sample_file_1.day
[2026-08-16 12:35:14] Proceeding to remove target file...
[2026-08-16 12:35:15] SUCCESS: Target file removed successfully!
[2026-08-16 12:35:15] Step 6: Copying file from source to target...
[2026-08-16 12:35:16] SUCCESS: File copied successfully!
[2026-08-16 12:35:17] From: /c/Users/2320404/OneDrive - Cognizant/documents/github/data_engineer/codes/shell_scripts//source/sample_file_1.day
[2026-08-16 12:35:17] To:   /c/Users/2320404/OneDrive - Cognizant/documents/github/data_engineer/codes/shell_scripts//target/sample_file_1.day
[2026-08-16 12:35:17] Step 7: Verifying file placement...
[2026-08-16 12:35:18] SUCCESS: File verified in target location!
[2026-08-16 12:35:18] File: /c/Users/2320404/OneDrive - Cognizant/documents/github/data_engineer/codes/shell_scripts//target/sample_file_1.day
-rw-r--r-- 1 CTS+2320404 4096 0 Aug 16 12:35 /c/Users/2320404/OneDrive - Cognizant/documents/github/data_engineer/codes/shell_scripts//target/sample_file_1.day
[2026-08-16 12:35:19] ================================================
[2026-08-16 12:35:19] Part 1 Deployment Completed Successfully!
[2026-08-16 12:35:20] ================================================
