[2026-08-16 12:02:37] ================================================
[2026-08-16 12:02:37] Part 1 Deployment Script Started
[2026-08-16 12:02:38] ================================================
[2026-08-16 12:02:38] Step 1: Checking user authorization...
[2026-08-16 12:02:39] SUCCESS: User CTS+2320404 is authorized to proceed!
[2026-08-16 12:02:39] Step 2: Checking source directory...
[2026-08-16 12:02:39] SUCCESS: Source directory exists: /c/Users/2320404/source
[2026-08-16 12:02:40] Step 3: Checking source file...
[2026-08-16 12:02:40] SUCCESS: Source file exists: /c/Users/2320404/source/sample_file_1.day
[2026-08-16 12:02:41] Step 4: Checking target directory...
[2026-08-16 12:02:41] SUCCESS: Target directory exists: /c/Users/2320404/target
[2026-08-16 12:02:41] Step 5: Checking target file before removal...
[2026-08-16 12:02:42] WARNING: Target file not found: /c/Users/2320404/target/sample_file_1.day
[2026-08-16 12:02:42] File may have already been removed or never existed!
[2026-08-16 12:02:43] Proceeding with copy operation...
[2026-08-16 12:02:43] Step 6: Copying file from source to target...
[2026-08-16 12:02:44] SUCCESS: File copied successfully!
[2026-08-16 12:02:44] From: /c/Users/2320404/source/sample_file_1.day
[2026-08-16 12:02:45] To:   /c/Users/2320404/target/sample_file_1.day
[2026-08-16 12:02:45] Step 7: Verifying file placement...
[2026-08-16 12:02:45] SUCCESS: File verified in target location!
[2026-08-16 12:02:46] File: /c/Users/2320404/target/sample_file_1.day
-rw-r--r-- 1 CTS+2320404 4096 0 Aug 16 12:02 /c/Users/2320404/target/sample_file_1.day
[2026-08-16 12:02:46] ================================================
[2026-08-16 12:02:47] Part 1 Deployment Completed Successfully!
[2026-08-16 12:02:47] ================================================
