[2026-08-16 12:32:27] ================================================
[2026-08-16 12:32:27] Part 1 Deployment Script Started
[2026-08-16 12:32:28] ================================================
[2026-08-16 12:32:28] Step 1: Checking user authorization...
[2026-08-16 12:32:29] SUCCESS: User CTS+2320404 is authorized to proceed!
[2026-08-16 12:32:29] Step 2: Checking source directory...
[2026-08-16 12:32:29] SUCCESS: Source directory exists: /c/Users/2320404/OneDrive - Cognizant/documents/github/data_engineer/codes/shell_scripts//source
[2026-08-16 12:32:30] Step 3: Checking source file...
[2026-08-16 12:32:30] SUCCESS: Source file exists: /c/Users/2320404/OneDrive - Cognizant/documents/github/data_engineer/codes/shell_scripts//source/sample_file_1.day
[2026-08-16 12:32:31] Step 4: Checking target directory...
[2026-08-16 12:32:31] SUCCESS: Target directory exists: /c/Users/2320404/OneDrive - Cognizant/documents/github/data_engineer/codes/shell_scripts//target
[2026-08-16 12:32:31] Step 5: Checking target file before removal...
[2026-08-16 12:32:32] WARNING: Target file not found: /c/Users/2320404/OneDrive - Cognizant/documents/github/data_engineer/codes/shell_scripts//target/sample_file_1.day
[2026-08-16 12:32:32] File may have already been removed or never existed!
[2026-08-16 12:32:32] Proceeding with copy operation...
[2026-08-16 12:32:33] Step 6: Copying file from source to target...
[2026-08-16 12:32:34] SUCCESS: File copied successfully!
[2026-08-16 12:32:34] From: /c/Users/2320404/OneDrive - Cognizant/documents/github/data_engineer/codes/shell_scripts//source/sample_file_1.day
[2026-08-16 12:32:34] To:   /c/Users/2320404/OneDrive - Cognizant/documents/github/data_engineer/codes/shell_scripts//target/sample_file_1.day
[2026-08-16 12:32:35] Step 7: Verifying file placement...
[2026-08-16 12:32:35] SUCCESS: File verified in target location!
[2026-08-16 12:32:35] File: /c/Users/2320404/OneDrive - Cognizant/documents/github/data_engineer/codes/shell_scripts//target/sample_file_1.day
-rw-r--r-- 1 CTS+2320404 4096 0 Aug 16 12:32 /c/Users/2320404/OneDrive - Cognizant/documents/github/data_engineer/codes/shell_scripts//target/sample_file_1.day
[2026-08-16 12:32:36] ================================================
[2026-08-16 12:32:36] Part 1 Deployment Completed Successfully!
[2026-08-16 12:32:37] ================================================
