[2026-08-16 12:28:12] ================================================
[2026-08-16 12:28:12] Part 1 Deployment Script Started
[2026-08-16 12:28:12] ================================================
[2026-08-16 12:28:13] Step 1: Checking user authorization...
[2026-08-16 12:28:13] SUCCESS: User CTS+2320404 is authorized to proceed!
[2026-08-16 12:28:14] Step 2: Checking source directory...
[2026-08-16 12:28:14] SUCCESS: Source directory exists: /c/Users/2320404/source
[2026-08-16 12:28:15] Step 3: Checking source file...
[2026-08-16 12:28:15] SUCCESS: Source file exists: /c/Users/2320404/source/sample_file_1.day
[2026-08-16 12:28:15] Step 4: Checking target directory...
[2026-08-16 12:28:16] SUCCESS: Target directory exists: /c/Users/2320404/target
[2026-08-16 12:28:16] Step 5: Checking target file before removal...
[2026-08-16 12:28:16] SUCCESS: Target file found: /c/Users/2320404/target/sample_file_1.day
[2026-08-16 12:28:17] Proceeding to remove target file...
[2026-08-16 12:28:18] SUCCESS: Target file removed successfully!
[2026-08-16 12:28:18] Step 6: Copying file from source to target...
[2026-08-16 12:28:19] SUCCESS: File copied successfully!
[2026-08-16 12:28:19] From: /c/Users/2320404/source/sample_file_1.day
[2026-08-16 12:28:19] To:   /c/Users/2320404/target/sample_file_1.day
[2026-08-16 12:28:20] Step 7: Verifying file placement...
[2026-08-16 12:28:20] SUCCESS: File verified in target location!
[2026-08-16 12:28:21] File: /c/Users/2320404/target/sample_file_1.day
-rw-r--r-- 1 CTS+2320404 4096 0 Aug 16 12:28 /c/Users/2320404/target/sample_file_1.day
[2026-08-16 12:28:21] ================================================
[2026-08-16 12:28:22] Part 1 Deployment Completed Successfully!
[2026-08-16 12:28:22] ================================================
