[2026-08-16 12:25:54] ================================================
[2026-08-16 12:25:55] Part 1 Deployment Script Started
[2026-08-16 12:25:55] ================================================
[2026-08-16 12:25:56] Step 1: Checking user authorization...
[2026-08-16 12:25:56] SUCCESS: User CTS+2320404 is authorized to proceed!
[2026-08-16 12:25:57] Step 2: Checking source directory...
[2026-08-16 12:25:57] SUCCESS: Source directory exists: /c/Users/2320404/source
[2026-08-16 12:25:57] Step 3: Checking source file...
[2026-08-16 12:25:58] SUCCESS: Source file exists: /c/Users/2320404/source/sample_file_1.day
[2026-08-16 12:25:58] Step 4: Checking target directory...
[2026-08-16 12:25:58] SUCCESS: Target directory exists: /c/Users/2320404/target
[2026-08-16 12:25:59] Step 5: Checking target file before removal...
[2026-08-16 12:25:59] SUCCESS: Target file found: /c/Users/2320404/target/sample_file_1.day
[2026-08-16 12:26:00] Proceeding to remove target file...
[2026-08-16 12:26:00] SUCCESS: Target file removed successfully!
[2026-08-16 12:26:01] Step 6: Copying file from source to target...
[2026-08-16 12:26:01] SUCCESS: File copied successfully!
[2026-08-16 12:26:02] From: /c/Users/2320404/source/sample_file_1.day
[2026-08-16 12:26:02] To:   /c/Users/2320404/target/sample_file_1.day
[2026-08-16 12:26:03] Step 7: Verifying file placement...
[2026-08-16 12:26:03] SUCCESS: File verified in target location!
[2026-08-16 12:26:03] File: /c/Users/2320404/target/sample_file_1.day
-rw-r--r-- 1 CTS+2320404 4096 0 Aug 16 12:26 /c/Users/2320404/target/sample_file_1.day
[2026-08-16 12:26:04] ================================================
[2026-08-16 12:26:04] Part 1 Deployment Completed Successfully!
[2026-08-16 12:26:05] ================================================
