[2026-08-17 00:52:54 IST] ================================================
[2026-08-17 00:52:55 IST] Part 1 Deployment Script Started
[2026-08-17 00:52:55 IST] ================================================
[2026-08-17 00:52:56 IST] Step 1: Checking user authorization...
[2026-08-17 00:52:56 IST] SUCCESS: User CTS+2320404 is authorized to proceed!
[2026-08-17 00:52:56 IST] Step 2: Checking source directory...
[2026-08-17 00:52:57 IST] SUCCESS: Source directory exists: /c/Users/2320404/OneDrive - Cognizant/documents/github/data_engineer/codes/shell_scripts/source
[2026-08-17 00:52:57 IST] Step 3: Checking source file...
[2026-08-17 00:52:57 IST] SUCCESS: Source file exists: /c/Users/2320404/OneDrive - Cognizant/documents/github/data_engineer/codes/shell_scripts/source/sample_file_1.day
[2026-08-17 00:52:58 IST] Step 4: Checking target directory...
[2026-08-17 00:52:58 IST] SUCCESS: Target directory exists: /c/Users/2320404/OneDrive - Cognizant/documents/github/data_engineer/codes/shell_scripts/target
[2026-08-17 00:52:58 IST] Step 5: Checking target file before removal...
[2026-08-17 00:52:59 IST] SUCCESS: Target file found: /c/Users/2320404/OneDrive - Cognizant/documents/github/data_engineer/codes/shell_scripts/target/sample_file_1.day
[2026-08-17 00:52:59 IST] Proceeding to remove sample_file_1.day file...
[2026-08-17 00:53:00 IST] SUCCESS: sample_file_1.day file removed successfully!
[2026-08-17 00:53:00 IST] Step 6: Copying file from source to target...
[2026-08-17 00:53:01 IST] SUCCESS: sample_file_1.day File copied successfully!
[2026-08-17 00:53:01 IST] From: /c/Users/2320404/OneDrive - Cognizant/documents/github/data_engineer/codes/shell_scripts/source/sample_file_1.day
[2026-08-17 00:53:02 IST] To:   /c/Users/2320404/OneDrive - Cognizant/documents/github/data_engineer/codes/shell_scripts/target/sample_file_1.day
[2026-08-17 00:53:02 IST] Step 7: Verifying file placement...
[2026-08-17 00:53:02 IST] SUCCESS: sample_file_1.day File verified successfully after copy!
[2026-08-17 00:53:03 IST] SUCCESS: sample_file_1.day File verified in /c/Users/2320404/OneDrive - Cognizant/documents/github/data_engineer/codes/shell_scripts/target location!
[2026-08-17 00:53:03 IST] File: /c/Users/2320404/OneDrive - Cognizant/documents/github/data_engineer/codes/shell_scripts/target/sample_file_1.day
-rw-r--r-- 1 CTS+2320404 4096 0 Aug 17 00:53 /c/Users/2320404/OneDrive - Cognizant/documents/github/data_engineer/codes/shell_scripts/target/sample_file_1.day
[2026-08-17 00:53:04 IST] ================================================
[2026-08-17 00:53:04 IST] Part 1 Deployment Completed Successfully!
[2026-08-17 00:53:05 IST] ================================================
[2026-08-17 00:53:05 IST] For more details, check the log file: /c/Users/2320404/OneDrive - Cognizant/documents/github/data_engineer/codes/shell_scripts/logs/part_1/part_1_20260817_005254.log
