[2026-08-16 12:49:05 IST] ================================================
[2026-08-16 12:49:06 IST] Part 1 Deployment Script Started
[2026-08-16 12:49:06 IST] ================================================
[2026-08-16 12:49:07 IST] Step 1: Checking user authorization...
[2026-08-16 12:49:07 IST] SUCCESS: User CTS+2320404 is authorized to proceed!
[2026-08-16 12:49:08 IST] Step 2: Checking source directory...
[2026-08-16 12:49:08 IST] SUCCESS: Source directory exists: /c/Users/2320404/OneDrive - Cognizant/documents/github/data_engineer/codes/shell_scripts//source
[2026-08-16 12:49:08 IST] Step 3: Checking source file...
[2026-08-16 12:49:09 IST] SUCCESS: Source file exists: /c/Users/2320404/OneDrive - Cognizant/documents/github/data_engineer/codes/shell_scripts//source/sample_file_1.day
[2026-08-16 12:49:09 IST] Step 4: Checking target directory...
[2026-08-16 12:49:09 IST] SUCCESS: Target directory exists: /c/Users/2320404/OneDrive - Cognizant/documents/github/data_engineer/codes/shell_scripts//target
[2026-08-16 12:49:10 IST] Step 5: Checking target file before removal...
[2026-08-16 12:49:10 IST] SUCCESS: Target file found: /c/Users/2320404/OneDrive - Cognizant/documents/github/data_engineer/codes/shell_scripts//target/sample_file_1.day
[2026-08-16 12:49:11 IST] Proceeding to remove target file...
[2026-08-16 12:49:11 IST] SUCCESS: Target file removed successfully!
[2026-08-16 12:49:12 IST] Step 6: Copying file from source to target...
[2026-08-16 12:49:12 IST] SUCCESS: File copied successfully!
[2026-08-16 12:49:13 IST] From: /c/Users/2320404/OneDrive - Cognizant/documents/github/data_engineer/codes/shell_scripts//source/sample_file_1.day
[2026-08-16 12:49:13 IST] To:   /c/Users/2320404/OneDrive - Cognizant/documents/github/data_engineer/codes/shell_scripts//target/sample_file_1.day
[2026-08-16 12:49:13 IST] Step 7: Verifying file placement...
[2026-08-16 12:49:14 IST] SUCCESS: File verified in target location!
[2026-08-16 12:49:14 IST] File: /c/Users/2320404/OneDrive - Cognizant/documents/github/data_engineer/codes/shell_scripts//target/sample_file_1.day
-rw-r--r-- 1 CTS+2320404 4096 0 Aug 16 12:49 /c/Users/2320404/OneDrive - Cognizant/documents/github/data_engineer/codes/shell_scripts//target/sample_file_1.day
[2026-08-16 12:49:15 IST] ================================================
[2026-08-16 12:49:15 IST] Part 1 Deployment Completed Successfully!
[2026-08-16 12:49:15 IST] ================================================
