[2026-08-16 15:47:29 IST] ================================================
[2026-08-16 15:47:30 IST] Part 1 Deployment Script Started
[2026-08-16 15:47:30 IST] ================================================
[2026-08-16 15:47:31 IST] Step 1: Checking user authorization...
[2026-08-16 15:47:31 IST] SUCCESS: User CTS+2320404 is authorized to proceed!
[2026-08-16 15:47:32 IST] Step 2: Checking source directory...
[2026-08-16 15:47:32 IST] SUCCESS: Source directory exists: /c/Users/2320404/OneDrive - Cognizant/documents/github/data_engineer/codes/shell_scripts//source
[2026-08-16 15:47:32 IST] Step 3: Checking source file...
[2026-08-16 15:47:33 IST] SUCCESS: Source file exists: /c/Users/2320404/OneDrive - Cognizant/documents/github/data_engineer/codes/shell_scripts//source/sample_file_1.day
[2026-08-16 15:47:33 IST] Step 4: Checking target directory...
[2026-08-16 15:47:33 IST] SUCCESS: Target directory exists: /c/Users/2320404/OneDrive - Cognizant/documents/github/data_engineer/codes/shell_scripts//target
[2026-08-16 15:47:34 IST] Step 5: Checking target file before removal...
[2026-08-16 15:47:34 IST] SUCCESS: Target file found: /c/Users/2320404/OneDrive - Cognizant/documents/github/data_engineer/codes/shell_scripts//target/sample_file_1.day
[2026-08-16 15:47:34 IST] Proceeding to remove sample_file_1.day file...
[2026-08-16 15:47:35 IST] SUCCESS: sample_file_1.day file removed successfully!
[2026-08-16 15:47:35 IST] Step 6: Copying file from source to target...
[2026-08-16 15:47:36 IST] SUCCESS: sample_file_1.day File copied successfully!
[2026-08-16 15:47:36 IST] From: /c/Users/2320404/OneDrive - Cognizant/documents/github/data_engineer/codes/shell_scripts//source/sample_file_1.day
[2026-08-16 15:47:37 IST] To:   /c/Users/2320404/OneDrive - Cognizant/documents/github/data_engineer/codes/shell_scripts//target/sample_file_1.day
[2026-08-16 15:47:37 IST] Step 7: Verifying file placement...
[2026-08-16 15:47:37 IST] SUCCESS: sample_file_1.day File verified successfully after copy!
[2026-08-16 15:47:38 IST] SUCCESS: sample_file_1.day File verified in /c/Users/2320404/OneDrive - Cognizant/documents/github/data_engineer/codes/shell_scripts//target location!
[2026-08-16 15:47:38 IST] File: /c/Users/2320404/OneDrive - Cognizant/documents/github/data_engineer/codes/shell_scripts//target/sample_file_1.day
-rw-r--r-- 1 CTS+2320404 4096 0 Aug 16 15:47 /c/Users/2320404/OneDrive - Cognizant/documents/github/data_engineer/codes/shell_scripts//target/sample_file_1.day
[2026-08-16 15:47:39 IST] ================================================
[2026-08-16 15:47:39 IST] Part 1 Deployment Completed Successfully!
[2026-08-16 15:47:40 IST] ================================================
