[2026-09-17 17:51:35 IST] ================================================
[2026-09-17 17:51:36 IST] Part 1 Deployment Script Started
[2026-09-17 17:51:36 IST] ================================================
[2026-09-17 17:51:36 IST] Step 1: Checking user authorization...
[2026-09-17 17:51:37 IST] SUCCESS: User CTS+2320404 is authorized to proceed!
[2026-09-17 17:51:37 IST] Step 2: Checking source directory...
[2026-09-17 17:51:38 IST] SUCCESS: Source directory exists: /c/Users/2320404/OneDrive - Cognizant/documents/github/data_engineer/codes/shell_scripts/source
[2026-09-17 17:51:38 IST] Step 3: Checking source file...
[2026-09-17 17:51:38 IST] SUCCESS: Source file exists: /c/Users/2320404/OneDrive - Cognizant/documents/github/data_engineer/codes/shell_scripts/source/sample_file_1.day
[2026-09-17 17:51:39 IST] SUCCESS: sample_file_1.day file Found!
[2026-09-17 17:51:39 IST] Step 4: Checking target directory...
[2026-09-17 17:51:39 IST] SUCCESS: Target directory exists: /c/Users/2320404/OneDrive - Cognizant/documents/github/data_engineer/codes/shell_scripts/target
[2026-09-17 17:51:39 IST] Step 5: Checking target file before removal...
[2026-09-17 17:51:40 IST] SUCCESS: Target file found: /c/Users/2320404/OneDrive - Cognizant/documents/github/data_engineer/codes/shell_scripts/target/sample_file_1.day
[2026-09-17 17:51:40 IST] Proceeding to remove sample_file_1.day file...
[2026-09-17 17:51:40 IST] SUCCESS: sample_file_1.day file removed successfully!
[2026-09-17 17:51:41 IST] Step 6: Copying file from source to target...
[2026-09-17 17:51:41 IST] SUCCESS: sample_file_1.day File copied successfully!
[2026-09-17 17:51:42 IST] From: /c/Users/2320404/OneDrive - Cognizant/documents/github/data_engineer/codes/shell_scripts/source/sample_file_1.day
[2026-09-17 17:51:42 IST] To:   /c/Users/2320404/OneDrive - Cognizant/documents/github/data_engineer/codes/shell_scripts/target/sample_file_1.day
[2026-09-17 17:51:42 IST] Step 7: Verifying file placement...
[2026-09-17 17:51:42 IST] SUCCESS: sample_file_1.day File verified successfully after copy!
[2026-09-17 17:51:43 IST] SUCCESS: sample_file_1.day File verified in /c/Users/2320404/OneDrive - Cognizant/documents/github/data_engineer/codes/shell_scripts/target location!
[2026-09-17 17:51:43 IST] File: /c/Users/2320404/OneDrive - Cognizant/documents/github/data_engineer/codes/shell_scripts/target/sample_file_1.day
-rw-r--r-- 1 CTS+2320404 4096 0 Sep 17 17:51 /c/Users/2320404/OneDrive - Cognizant/documents/github/data_engineer/codes/shell_scripts/target/sample_file_1.day
[2026-09-17 17:51:44 IST] ================================================
[2026-09-17 17:51:44 IST] Part 1 Deployment Completed Successfully!
[2026-09-17 17:51:44 IST] ================================================
[2026-09-17 17:51:45 IST] For more details, check the log file: /c/Users/2320404/OneDrive - Cognizant/documents/github/data_engineer/codes/shell_scripts/logs/part_1/part_1_20260917_175134.log
