[2026-08-16 12:35:42] ================================================
[2026-08-16 12:35:42] Part 1 Deployment Script Started
[2026-08-16 12:35:43] ================================================
[2026-08-16 12:35:43] Step 1: Checking user authorization...
[2026-08-16 12:35:44] SUCCESS: User CTS+2320404 is authorized to proceed!
[2026-08-16 12:35:44] Step 2: Checking source directory...
[2026-08-16 12:35:45] SUCCESS: Source directory exists: /c/Users/2320404/OneDrive - Cognizant/documents/github/data_engineer/codes/shell_scripts//source
[2026-08-16 12:35:45] Step 3: Checking source file...
[2026-08-16 12:35:45] SUCCESS: Source file exists: /c/Users/2320404/OneDrive - Cognizant/documents/github/data_engineer/codes/shell_scripts//source/sample_file_1.day
[2026-08-16 12:35:46] Step 4: Checking target directory...
[2026-08-16 12:35:46] SUCCESS: Target directory exists: /c/Users/2320404/OneDrive - Cognizant/documents/github/data_engineer/codes/shell_scripts//target
[2026-08-16 12:35:46] Step 5: Checking target file before removal...
[2026-08-16 12:35:47] SUCCESS: Target file found: /c/Users/2320404/OneDrive - Cognizant/documents/github/data_engineer/codes/shell_scripts//target/sample_file_1.day
[2026-08-16 12:35:47] Proceeding to remove target file...
[2026-08-16 12:35:48] SUCCESS: Target file removed successfully!
[2026-08-16 12:35:48] Step 6: Copying file from source to target...
[2026-08-16 12:35:49] SUCCESS: File copied successfully!
[2026-08-16 12:35:49] From: /c/Users/2320404/OneDrive - Cognizant/documents/github/data_engineer/codes/shell_scripts//source/sample_file_1.day
[2026-08-16 12:35:50] To:   /c/Users/2320404/OneDrive - Cognizant/documents/github/data_engineer/codes/shell_scripts//target/sample_file_1.day
[2026-08-16 12:35:50] Step 7: Verifying file placement...
[2026-08-16 12:35:50] SUCCESS: File verified in target location!
[2026-08-16 12:35:51] File: /c/Users/2320404/OneDrive - Cognizant/documents/github/data_engineer/codes/shell_scripts//target/sample_file_1.day
-rw-r--r-- 1 CTS+2320404 4096 0 Aug 16 12:35 /c/Users/2320404/OneDrive - Cognizant/documents/github/data_engineer/codes/shell_scripts//target/sample_file_1.day
[2026-08-16 12:35:52] ================================================
[2026-08-16 12:35:52] Part 1 Deployment Completed Successfully!
[2026-08-16 12:35:52] ================================================
